Java HotSpot(TM) 64-Bit Server VM (25.271-b09) for bsd-amd64 JRE (1.8.0_271-b09), built on Sep 16 2020 16:54:38 by "java_re" with gcc 4.2.1 Compatible Apple LLVM 10.0.0 (clang-1000.11.45.5)
Memory: 4k page, physical 16777216k(1424080k free)

/proc/meminfo:

CommandLine flags: -XX:InitialHeapSize=1073741824 -XX:MaxHeapSize=1073741824 -XX:+PrintGC -XX:+PrintGCTimeStamps -XX:+UseCompressedClassPointers -XX:+UseCompressedOops -XX:+UseG1GC 
0.105: [GC pause (G1 Evacuation Pause) (young) 65M->23M(1024M), 0.0053410 secs]
0.121: [GC pause (G1 Evacuation Pause) (young) 76M->38M(1024M), 0.0052071 secs]
0.137: [GC pause (G1 Evacuation Pause) (young) 96M->61M(1024M), 0.0078222 secs]
0.171: [GC pause (G1 Evacuation Pause) (young) 154M->93M(1024M), 0.0115553 secs]
0.429: [GC pause (G1 Evacuation Pause) (young) 696M->246M(1024M), 0.0543793 secs]
0.484: [GC pause (G1 Evacuation Pause) (young) 251M->247M(1024M), 0.0088180 secs]
0.521: [GC pause (G1 Evacuation Pause) (young) 478M->308M(1024M), 0.0124668 secs]
0.555: [GC pause (G1 Evacuation Pause) (young) 498M->356M(1024M), 0.0153754 secs]
0.605: [GC pause (G1 Humongous Allocation) (young) (initial-mark) 606M->418M(1024M), 0.0104585 secs]
0.616: [GC concurrent-root-region-scan-start]
0.616: [GC concurrent-root-region-scan-end, 0.0001045 secs]
0.616: [GC concurrent-mark-start]
0.618: [GC concurrent-mark-end, 0.0020176 secs]
0.618: [GC remark, 0.0011542 secs]
0.619: [GC cleanup 437M->430M(1024M), 0.0009106 secs]
0.620: [GC concurrent-cleanup-start]
0.620: [GC concurrent-cleanup-end, 0.0000090 secs]
0.656: [GC pause (G1 Evacuation Pause) (young) 747M->475M(1024M), 0.0097048 secs]
0.667: [GC pause (G1 Evacuation Pause) (mixed) 490M->405M(1024M), 0.0079178 secs]
0.678: [GC pause (G1 Humongous Allocation) (young) (initial-mark) 426M->410M(1024M), 0.0022480 secs]
0.681: [GC concurrent-root-region-scan-start]
0.681: [GC concurrent-root-region-scan-end, 0.0000861 secs]
0.681: [GC concurrent-mark-start]
0.682: [GC concurrent-mark-end, 0.0008964 secs]
0.682: [GC remark, 0.0017633 secs]
0.684: [GC cleanup 418M->418M(1024M), 0.0009109 secs]
0.735: [GC pause (G1 Evacuation Pause) (young)-- 855M->658M(1024M), 0.0075976 secs]
0.744: [GC pause (G1 Evacuation Pause) (mixed) 666M->603M(1024M), 0.0079712 secs]
0.752: [GC pause (G1 Humongous Allocation) (young) (initial-mark) 604M->604M(1024M), 0.0014766 secs]
0.754: [GC concurrent-root-region-scan-start]
0.754: [GC concurrent-root-region-scan-end, 0.0000665 secs]
0.754: [GC concurrent-mark-start]
0.755: [GC concurrent-mark-end, 0.0010113 secs]
0.755: [GC remark, 0.0013002 secs]
0.756: [GC cleanup 614M->611M(1024M), 0.0009165 secs]
0.757: [GC concurrent-cleanup-start]
0.757: [GC concurrent-cleanup-end, 0.0000065 secs]
0.786: [GC pause (G1 Evacuation Pause) (young) 852M->653M(1024M), 0.0064981 secs]
0.796: [GC pause (G1 Evacuation Pause) (mixed) 683M->565M(1024M), 0.0054398 secs]
0.807: [GC pause (G1 Evacuation Pause) (mixed) 618M->500M(1024M), 0.0057086 secs]
0.820: [GC pause (G1 Evacuation Pause) (mixed) 555M->463M(1024M), 0.0058915 secs]
0.826: [GC pause (G1 Humongous Allocation) (young) (initial-mark) 463M->463M(1024M), 0.0019207 secs]
0.828: [GC concurrent-root-region-scan-start]
0.828: [GC concurrent-root-region-scan-end, 0.0000655 secs]
0.828: [GC concurrent-mark-start]
0.829: [GC concurrent-mark-end, 0.0012417 secs]
0.829: [GC remark, 0.0015178 secs]
0.831: [GC cleanup 471M->466M(1024M), 0.0010304 secs]
0.832: [GC concurrent-cleanup-start]
0.832: [GC concurrent-cleanup-end, 0.0000084 secs]
0.877: [GC pause (G1 Evacuation Pause) (young)-- 887M->725M(1024M), 0.0046191 secs]
0.885: [GC pause (G1 Evacuation Pause) (mixed) 752M->654M(1024M), 0.0072581 secs]
0.900: [GC pause (G1 Evacuation Pause) (mixed) 712M->663M(1024M), 0.0036554 secs]
0.904: [GC pause (G1 Humongous Allocation) (young) (initial-mark) 666M->665M(1024M), 0.0019887 secs]
0.906: [GC concurrent-root-region-scan-start]
0.906: [GC concurrent-root-region-scan-end, 0.0000548 secs]
0.906: [GC concurrent-mark-start]
0.907: [GC concurrent-mark-end, 0.0012854 secs]
0.907: [GC remark, 0.0014569 secs]
0.909: [GC cleanup 676M->661M(1024M), 0.0009244 secs]
0.910: [GC concurrent-cleanup-start]
0.910: [GC concurrent-cleanup-end, 0.0000137 secs]
0.933: [GC pause (G1 Evacuation Pause) (young) 842M->694M(1024M), 0.0060694 secs]
0.943: [GC pause (G1 Evacuation Pause) (mixed) 731M->609M(1024M), 0.0056194 secs]
0.956: [GC pause (G1 Evacuation Pause) (mixed) 664M->543M(1024M), 0.0060469 secs]
0.970: [GC pause (G1 Evacuation Pause) (mixed) 601M->488M(1024M), 0.0068748 secs]
0.985: [GC pause (G1 Evacuation Pause) (mixed) 546M->491M(1024M), 0.0052724 secs]
0.990: [GC pause (G1 Humongous Allocation) (young) (initial-mark) 491M->491M(1024M), 0.0019299 secs]
0.992: [GC concurrent-root-region-scan-start]
0.992: [GC concurrent-root-region-scan-end, 0.0000871 secs]
0.992: [GC concurrent-mark-start]
0.994: [GC concurrent-mark-end, 0.0012964 secs]
0.994: [GC remark, 0.0016708 secs]
0.996: [GC cleanup 502M->498M(1024M), 0.0010231 secs]
0.997: [GC concurrent-cleanup-start]
0.997: [GC concurrent-cleanup-end, 0.0000087 secs]
1.037: [GC pause (G1 Evacuation Pause) (young)-- 841M->579M(1024M), 0.0097590 secs]
1.049: [GC pause (G1 Evacuation Pause) (mixed) 595M->507M(1024M), 0.0077608 secs]
1.066: [GC pause (G1 Evacuation Pause) (mixed) 571M->514M(1024M), 0.0050354 secs]
