Java HotSpot(TM) 64-Bit Server VM (25.271-b09) for bsd-amd64 JRE (1.8.0_271-b09), built on Sep 16 2020 16:54:38 by "java_re" with gcc 4.2.1 Compatible Apple LLVM 10.0.0 (clang-1000.11.45.5)
Memory: 4k page, physical 16777216k(1422280k free)

/proc/meminfo:

CommandLine flags: -XX:InitialHeapSize=1073741824 -XX:MaxHeapSize=1073741824 -XX:+PrintGC -XX:+PrintGCTimeStamps -XX:+UseCompressedClassPointers -XX:+UseCompressedOops -XX:+UseG1GC 
0.103: [GC pause (G1 Evacuation Pause) (young) 62M->21M(1024M), 0.0072877 secs]
0.121: [GC pause (G1 Evacuation Pause) (young) 77M->40M(1024M), 0.0077887 secs]
0.138: [GC pause (G1 Evacuation Pause) (young) 98M->62M(1024M), 0.0096445 secs]
0.172: [GC pause (G1 Evacuation Pause) (young) 155M->89M(1024M), 0.0132895 secs]
0.361: [GC pause (G1 Evacuation Pause) (young) 569M->218M(1024M), 0.0482885 secs]
0.411: [GC pause (G1 Evacuation Pause) (young) 231M->221M(1024M), 0.0073064 secs]
0.441: [GC pause (G1 Evacuation Pause) (young) 410M->280M(1024M), 0.0142004 secs]
0.478: [GC pause (G1 Evacuation Pause) (young) 463M->324M(1024M), 0.0160667 secs]
0.538: [GC pause (G1 Evacuation Pause) (young) 607M->402M(1024M), 0.0226539 secs]
0.574: [GC pause (G1 Humongous Allocation) (young) (initial-mark) 529M->430M(1024M), 0.0065852 secs]
0.581: [GC concurrent-root-region-scan-start]
0.581: [GC concurrent-root-region-scan-end, 0.0000967 secs]
0.581: [GC concurrent-mark-start]
0.583: [GC concurrent-mark-end, 0.0020614 secs]
0.583: [GC remark, 0.0012213 secs]
0.585: [GC cleanup 449M->442M(1024M), 0.0008973 secs]
0.586: [GC concurrent-cleanup-start]
0.586: [GC concurrent-cleanup-end, 0.0000090 secs]
0.655: [GC pause (G1 Evacuation Pause) (young)-- 857M->661M(1024M), 0.0087809 secs]
0.665: [GC pause (G1 Evacuation Pause) (mixed) 670M->578M(1024M), 0.0086124 secs]
0.682: [GC pause (G1 Evacuation Pause) (mixed) 637M->592M(1024M), 0.0032081 secs]
0.685: [GC pause (G1 Humongous Allocation) (young) (initial-mark) 592M->591M(1024M), 0.0018700 secs]
0.687: [GC concurrent-root-region-scan-start]
0.687: [GC concurrent-root-region-scan-end, 0.0000706 secs]
0.687: [GC concurrent-mark-start]
0.688: [GC concurrent-mark-end, 0.0010404 secs]
0.688: [GC remark, 0.0013107 secs]
0.690: [GC cleanup 600M->577M(1024M), 0.0008764 secs]
0.691: [GC concurrent-cleanup-start]
0.691: [GC concurrent-cleanup-end, 0.0000172 secs]
0.721: [GC pause (G1 Evacuation Pause) (young) 843M->640M(1024M), 0.0078191 secs]
0.732: [GC pause (G1 Evacuation Pause) (mixed) 668M->551M(1024M), 0.0057685 secs]
0.746: [GC pause (G1 Evacuation Pause) (mixed) 603M->484M(1024M), 0.0052875 secs]
0.758: [GC pause (G1 Evacuation Pause) (mixed) 543M->457M(1024M), 0.0055809 secs]
0.764: [GC pause (G1 Humongous Allocation) (young) (initial-mark) 457M->457M(1024M), 0.0019446 secs]
0.766: [GC concurrent-root-region-scan-start]
0.766: [GC concurrent-root-region-scan-end, 0.0000702 secs]
0.766: [GC concurrent-mark-start]
0.767: [GC concurrent-mark-end, 0.0009246 secs]
0.767: [GC remark, 0.0013656 secs]
0.769: [GC cleanup 467M->465M(1024M), 0.0007514 secs]
0.770: [GC concurrent-cleanup-start]
0.770: [GC concurrent-cleanup-end, 0.0000061 secs]
0.816: [GC pause (G1 Evacuation Pause) (young)-- 852M->655M(1024M), 0.0080020 secs]
0.826: [GC pause (G1 Evacuation Pause) (mixed) 665M->581M(1024M), 0.0080410 secs]
0.842: [GC pause (G1 Evacuation Pause) (mixed) 644M->592M(1024M), 0.0034728 secs]
0.846: [GC pause (G1 Humongous Allocation) (young) (initial-mark) 593M->591M(1024M), 0.0018030 secs]
0.848: [GC concurrent-root-region-scan-start]
0.848: [GC concurrent-root-region-scan-end, 0.0000767 secs]
0.848: [GC concurrent-mark-start]
0.849: [GC concurrent-mark-end, 0.0009484 secs]
0.849: [GC remark, 0.0014035 secs]
0.850: [GC cleanup 597M->587M(1024M), 0.0009463 secs]
0.851: [GC concurrent-cleanup-start]
0.851: [GC concurrent-cleanup-end, 0.0000111 secs]
0.883: [GC pause (G1 Evacuation Pause) (young) 851M->648M(1024M), 0.0081729 secs]
0.895: [GC pause (G1 Evacuation Pause) (mixed) 676M->559M(1024M), 0.0057158 secs]
0.908: [GC pause (G1 Evacuation Pause) (mixed) 614M->497M(1024M), 0.0069807 secs]
0.921: [GC pause (G1 Evacuation Pause) (mixed) 550M->487M(1024M), 0.0052535 secs]
0.928: [GC pause (G1 Humongous Allocation) (young) (initial-mark) 496M->487M(1024M), 0.0020795 secs]
0.930: [GC concurrent-root-region-scan-start]
0.930: [GC concurrent-root-region-scan-end, 0.0000882 secs]
0.930: [GC concurrent-mark-start]
0.931: [GC concurrent-mark-end, 0.0009290 secs]
0.931: [GC remark, 0.0014991 secs]
0.933: [GC cleanup 494M->494M(1024M), 0.0010562 secs]
0.975: [GC pause (G1 Evacuation Pause) (young)-- 858M->634M(1024M), 0.0079833 secs]
0.985: [GC pause (G1 Evacuation Pause) (mixed) 652M->564M(1024M), 0.0083348 secs]
1.002: [GC pause (G1 Evacuation Pause) (mixed) 620M->563M(1024M), 0.0048382 secs]
1.007: [GC pause (G1 Humongous Allocation) (young) (initial-mark) 565M->566M(1024M), 0.0021203 secs]
1.010: [GC concurrent-root-region-scan-start]
1.010: [GC concurrent-root-region-scan-end, 0.0000849 secs]
1.010: [GC concurrent-mark-start]
1.011: [GC concurrent-mark-end, 0.0010706 secs]
1.011: [GC remark, 0.0015303 secs]
1.013: [GC cleanup 573M->563M(1024M), 0.0009496 secs]
1.014: [GC concurrent-cleanup-start]
1.014: [GC concurrent-cleanup-end, 0.0000119 secs]
1.044: [GC pause (G1 Evacuation Pause) (young) 817M->618M(1024M), 0.0080386 secs]
1.057: [GC pause (G1 Evacuation Pause) (mixed) 653M->536M(1024M), 0.0065658 secs]
