Java HotSpot(TM) 64-Bit Server VM (25.271-b09) for bsd-amd64 JRE (1.8.0_271-b09), built on Sep 16 2020 16:54:38 by "java_re" with gcc 4.2.1 Compatible Apple LLVM 10.0.0 (clang-1000.11.45.5)
Memory: 4k page, physical 16777216k(1422256k free)

/proc/meminfo:

CommandLine flags: -XX:InitialHeapSize=1073741824 -XX:MaxHeapSize=1073741824 -XX:+PrintGC -XX:+PrintGCTimeStamps -XX:+UseCompressedClassPointers -XX:+UseCompressedOops -XX:+UseG1GC 
0.101: [GC pause (G1 Evacuation Pause) (young) 60M->19M(1024M), 0.0066954 secs]
0.118: [GC pause (G1 Evacuation Pause) (young) 70M->33M(1024M), 0.0066636 secs]
0.133: [GC pause (G1 Evacuation Pause) (young) 88M->54M(1024M), 0.0084269 secs]
0.160: [GC pause (G1 Evacuation Pause) (young) 134M->79M(1024M), 0.0096928 secs]
0.192: [GC pause (G1 Evacuation Pause) (young) 181M->110M(1024M), 0.0102893 secs]
0.486: [GC pause (G1 Evacuation Pause) (young)-- 860M->561M(1024M), 0.0314051 secs]
0.517: [GC pause (G1 Humongous Allocation) (young) (initial-mark) 562M->560M(1024M), 0.0091715 secs]
0.527: [GC concurrent-root-region-scan-start]
0.527: [GC concurrent-root-region-scan-end, 0.0000896 secs]
0.527: [GC concurrent-mark-start]
0.530: [GC concurrent-mark-end, 0.0028535 secs]
0.530: [GC remark, 0.0011388 secs]
0.531: [GC cleanup 581M->581M(1024M), 0.0008423 secs]
0.568: [GC pause (G1 Evacuation Pause) (young) 841M->640M(1024M), 0.0082933 secs]
0.580: [GC pause (G1 Evacuation Pause) (mixed) 670M->548M(1024M), 0.0050200 secs]
0.592: [GC pause (G1 Evacuation Pause) (mixed) 606M->472M(1024M), 0.0044147 secs]
0.602: [GC pause (G1 Evacuation Pause) (mixed) 525M->407M(1024M), 0.0052189 secs]
0.613: [GC pause (G1 Evacuation Pause) (mixed) 461M->400M(1024M), 0.0041224 secs]
0.625: [GC pause (G1 Humongous Allocation) (young) (initial-mark) 464M->419M(1024M), 0.0034408 secs]
0.629: [GC concurrent-root-region-scan-start]
0.629: [GC concurrent-root-region-scan-end, 0.0001000 secs]
0.629: [GC concurrent-mark-start]
0.630: [GC concurrent-mark-end, 0.0007032 secs]
0.630: [GC remark, 0.0014810 secs]
0.631: [GC cleanup 427M->413M(1024M), 0.0009344 secs]
0.632: [GC concurrent-cleanup-start]
0.632: [GC concurrent-cleanup-end, 0.0000124 secs]
0.686: [GC pause (G1 Evacuation Pause) (young)-- 866M->681M(1024M), 0.0065773 secs]
0.694: [GC pause (G1 Evacuation Pause) (mixed) 689M->610M(1024M), 0.0083275 secs]
0.703: [GC pause (G1 Humongous Allocation) (young) (initial-mark) 611M->610M(1024M), 0.0016092 secs]
0.705: [GC concurrent-root-region-scan-start]
0.705: [GC concurrent-root-region-scan-end, 0.0000698 secs]
0.705: [GC concurrent-mark-start]
0.706: [GC concurrent-mark-end, 0.0008648 secs]
0.706: [GC remark, 0.0013053 secs]
0.707: [GC cleanup 618M->612M(1024M), 0.0007645 secs]
0.708: [GC concurrent-cleanup-start]
0.708: [GC concurrent-cleanup-end, 0.0000086 secs]
0.737: [GC pause (G1 Evacuation Pause) (young) 850M->659M(1024M), 0.0064490 secs]
0.747: [GC pause (G1 Evacuation Pause) (mixed) 692M->572M(1024M), 0.0058510 secs]
0.761: [GC pause (G1 Evacuation Pause) (mixed) 625M->503M(1024M), 0.0055086 secs]
0.774: [GC pause (G1 Evacuation Pause) (mixed) 561M->445M(1024M), 0.0060249 secs]
0.781: [GC pause (G1 Humongous Allocation) (young) (initial-mark) 448M->444M(1024M), 0.0020885 secs]
0.783: [GC concurrent-root-region-scan-start]
0.783: [GC concurrent-root-region-scan-end, 0.0000942 secs]
0.783: [GC concurrent-mark-start]
0.784: [GC concurrent-mark-end, 0.0008278 secs]
0.784: [GC remark, 0.0015959 secs]
0.786: [GC cleanup 453M->449M(1024M), 0.0009407 secs]
0.787: [GC concurrent-cleanup-start]
0.787: [GC concurrent-cleanup-end, 0.0000063 secs]
0.831: [GC pause (G1 Evacuation Pause) (young) 826M->526M(1024M), 0.0091174 secs]
0.842: [GC pause (G1 Evacuation Pause) (mixed) 543M->460M(1024M), 0.0082493 secs]
0.851: [GC pause (G1 Humongous Allocation) (young) (initial-mark) 461M->459M(1024M), 0.0017966 secs]
0.852: [GC concurrent-root-region-scan-start]
0.853: [GC concurrent-root-region-scan-end, 0.0000739 secs]
0.853: [GC concurrent-mark-start]
0.853: [GC concurrent-mark-end, 0.0008536 secs]
0.853: [GC remark, 0.0017203 secs]
0.855: [GC cleanup 468M->465M(1024M), 0.0010896 secs]
0.856: [GC concurrent-cleanup-start]
0.856: [GC concurrent-cleanup-end, 0.0000073 secs]
0.900: [GC pause (G1 Evacuation Pause) (young) 833M->536M(1024M), 0.0081372 secs]
0.911: [GC pause (G1 Evacuation Pause) (mixed) 553M->462M(1024M), 0.0080938 secs]
0.928: [GC pause (G1 Evacuation Pause) (mixed) 518M->472M(1024M), 0.0037104 secs]
0.932: [GC pause (G1 Humongous Allocation) (young) (initial-mark) 472M->473M(1024M), 0.0021929 secs]
0.934: [GC concurrent-root-region-scan-start]
0.934: [GC concurrent-root-region-scan-end, 0.0000764 secs]
0.934: [GC concurrent-mark-start]
0.935: [GC concurrent-mark-end, 0.0008458 secs]
0.935: [GC remark, 0.0014841 secs]
0.937: [GC cleanup 480M->478M(1024M), 0.0009365 secs]
0.938: [GC concurrent-cleanup-start]
0.938: [GC concurrent-cleanup-end, 0.0000066 secs]
0.980: [GC pause (G1 Evacuation Pause) (young)-- 845M->636M(1024M), 0.0080534 secs]
0.990: [GC pause (G1 Evacuation Pause) (mixed) 653M->571M(1024M), 0.0079917 secs]
1.009: [GC pause (G1 Evacuation Pause) (mixed) 633M->576M(1024M), 0.0038170 secs]
1.013: [GC pause (G1 Humongous Allocation) (young) (initial-mark) 576M->575M(1024M), 0.0018255 secs]
1.015: [GC concurrent-root-region-scan-start]
1.015: [GC concurrent-root-region-scan-end, 0.0000759 secs]
1.015: [GC concurrent-mark-start]
1.016: [GC concurrent-mark-end, 0.0008699 secs]
1.016: [GC remark, 0.0014595 secs]
1.017: [GC cleanup 583M->571M(1024M), 0.0008947 secs]
1.018: [GC concurrent-cleanup-start]
1.018: [GC concurrent-cleanup-end, 0.0000129 secs]
1.051: [GC pause (G1 Evacuation Pause) (young) 830M->631M(1024M), 0.0084255 secs]
1.064: [GC pause (G1 Evacuation Pause) (mixed) 661M->549M(1024M), 0.0062950 secs]
