Java HotSpot(TM) 64-Bit Server VM (25.271-b09) for bsd-amd64 JRE (1.8.0_271-b09), built on Sep 16 2020 16:54:38 by "java_re" with gcc 4.2.1 Compatible Apple LLVM 10.0.0 (clang-1000.11.45.5)
Memory: 4k page, physical 16777216k(958016k free)

/proc/meminfo:

CommandLine flags: -XX:InitialHeapSize=134217728 -XX:MaxHeapSize=134217728 -XX:+PrintGC -XX:+PrintGCTimeStamps -XX:+UseCompressedClassPointers -XX:+UseCompressedOops -XX:+UseG1GC 
0.079: [GC pause (G1 Evacuation Pause) (young) 30M->11M(128M), 0.0046000 secs]
0.091: [GC pause (G1 Evacuation Pause) (young) 42M->24M(128M), 0.0066367 secs]
0.118: [GC pause (G1 Evacuation Pause) (young)-- 94M->61M(128M), 0.0113121 secs]
0.130: [GC pause (G1 Humongous Allocation) (young) (initial-mark) 70M->63M(128M), 0.0027237 secs]
0.133: [GC concurrent-root-region-scan-start]
0.133: [GC concurrent-root-region-scan-end, 0.0001696 secs]
0.133: [GC concurrent-mark-start]
0.134: [GC concurrent-mark-end, 0.0006841 secs]
0.134: [GC remark, 0.0012175 secs]
0.135: [GC cleanup 72M->71M(128M), 0.0004877 secs]
0.136: [GC concurrent-cleanup-start]
0.136: [GC concurrent-cleanup-end, 0.0000038 secs]
0.139: [GC pause (G1 Evacuation Pause) (young) 100M->77M(128M), 0.0030013 secs]
0.143: [GC pause (G1 Evacuation Pause) (mixed) 83M->73M(128M), 0.0016205 secs]
0.145: [GC pause (G1 Humongous Allocation) (young) (initial-mark) 73M->73M(128M), 0.0006499 secs]
0.145: [GC concurrent-root-region-scan-start]
0.145: [GC concurrent-root-region-scan-end, 0.0000029 secs]
0.145: [GC concurrent-mark-start]
0.146: [GC concurrent-mark-end, 0.0004329 secs]
0.146: [GC remark, 0.0006715 secs]
0.147: [GC cleanup 77M->77M(128M), 0.0004615 secs]
0.150: [GC pause (G1 Evacuation Pause) (young) 102M->83M(128M), 0.0018163 secs]
0.153: [GC pause (G1 Evacuation Pause) (mixed) 92M->84M(128M), 0.0015008 secs]
0.155: [GC pause (G1 Humongous Allocation) (young) (initial-mark) 85M->84M(128M), 0.0008153 secs]
0.155: [GC concurrent-root-region-scan-start]
0.155: [GC concurrent-root-region-scan-end, 0.0000487 secs]
0.155: [GC concurrent-mark-start]
0.156: [GC concurrent-mark-end, 0.0004400 secs]
0.156: [GC remark, 0.0007656 secs]
0.157: [GC cleanup 88M->88M(128M), 0.0004464 secs]
0.159: [GC pause (G1 Evacuation Pause) (young) 100M->90M(128M), 0.0011871 secs]
0.161: [GC pause (G1 Evacuation Pause) (mixed) 98M->91M(128M), 0.0016117 secs]
0.163: [GC pause (G1 Humongous Allocation) (young) (initial-mark) 96M->91M(128M), 0.0009034 secs]
0.164: [GC concurrent-root-region-scan-start]
0.164: [GC concurrent-root-region-scan-end, 0.0000628 secs]
0.164: [GC concurrent-mark-start]
0.164: [GC concurrent-mark-end, 0.0004779 secs]
0.165: [GC remark, 0.0008817 secs]
0.166: [GC cleanup 96M->96M(128M), 0.0004635 secs]
0.167: [GC pause (G1 Evacuation Pause) (young) 102M->95M(128M), 0.0011345 secs]
0.169: [GC pause (G1 Evacuation Pause) (mixed) 104M->96M(128M), 0.0013104 secs]
0.171: [GC pause (G1 Humongous Allocation) (young) (initial-mark) 96M->96M(128M), 0.0008424 secs]
0.172: [GC concurrent-root-region-scan-start]
0.172: [GC concurrent-root-region-scan-end, 0.0000667 secs]
0.172: [GC concurrent-mark-start]
0.172: [GC concurrent-mark-end, 0.0004591 secs]
0.172: [GC remark, 0.0008408 secs]
0.173: [GC cleanup 102M->102M(128M), 0.0004434 secs]
0.174: [GC pause (G1 Evacuation Pause) (young) 106M->100M(128M), 0.0009810 secs]
0.176: [GC pause (G1 Evacuation Pause) (mixed)-- 109M->104M(128M), 0.0010288 secs]
0.177: [GC pause (G1 Humongous Allocation) (young) (initial-mark) 106M->105M(128M), 0.0020068 secs]
0.179: [GC concurrent-root-region-scan-start]
0.180: [GC concurrent-root-region-scan-end, 0.0000857 secs]
0.180: [GC concurrent-mark-start]
0.180: [GC pause (G1 Humongous Allocation) (young)-- 110M->108M(128M), 0.0008190 secs]
0.181: [GC concurrent-mark-end, 0.0014051 secs]
0.181: [GC remark, 0.0007749 secs]
0.182: [GC cleanup 109M->109M(128M), 0.0004774 secs]
0.182: [GC pause (G1 Evacuation Pause) (young) 110M->109M(128M), 0.0006576 secs]
0.183: [GC pause (G1 Evacuation Pause) (mixed)-- 110M->109M(128M), 0.0007643 secs]
0.184: [GC pause (G1 Evacuation Pause) (young)-- 110M->110M(128M), 0.0006624 secs]
0.185: [Full GC (Allocation Failure)  110M->90M(128M), 0.0097908 secs]
0.195: [GC pause (G1 Humongous Allocation) (young) (initial-mark) 90M->90M(128M), 0.0010284 secs]
0.196: [GC concurrent-root-region-scan-start]
0.196: [GC concurrent-root-region-scan-end, 0.0000032 secs]
0.196: [GC concurrent-mark-start]
0.196: [GC concurrent-mark-end, 0.0004580 secs]
0.196: [GC remark, 0.0009329 secs]
0.197: [GC cleanup 95M->95M(128M), 0.0005204 secs]
0.198: [GC pause (G1 Evacuation Pause) (young) 100M->93M(128M), 0.0008602 secs]
0.200: [GC pause (G1 Evacuation Pause) (young) 99M->94M(128M), 0.0007267 secs]
0.201: [GC pause (G1 Humongous Allocation) (young) (initial-mark) 95M->95M(128M), 0.0006987 secs]
0.202: [GC concurrent-root-region-scan-start]
0.202: [GC concurrent-root-region-scan-end, 0.0000303 secs]
0.202: [GC concurrent-mark-start]
0.202: [GC pause (G1 Humongous Allocation) (young)-- 99M->99M(128M), 0.0008555 secs]
0.203: [GC concurrent-mark-end, 0.0013631 secs]
0.203: [GC remark, 0.0007233 secs]
0.204: [GC cleanup 100M->100M(128M), 0.0004688 secs]
0.204: [GC pause (G1 Evacuation Pause) (young)-- 100M->100M(128M), 0.0007665 secs]
0.205: [GC pause (G1 Evacuation Pause) (young)-- 101M->101M(128M), 0.0007179 secs]
0.206: [Full GC (Allocation Failure)  101M->96M(128M), 0.0034383 secs]
0.210: [GC pause (G1 Humongous Allocation) (young) (initial-mark) 98M->97M(128M), 0.0006021 secs]
0.211: [GC concurrent-root-region-scan-start]
0.211: [GC concurrent-root-region-scan-end, 0.0000398 secs]
0.211: [GC concurrent-mark-start]
0.211: [GC pause (G1 Humongous Allocation) (young)-- 98M->97M(128M), 0.0007507 secs]
0.211: [GC pause (G1 Evacuation Pause) (young) 98M->97M(128M), 0.0006676 secs]
0.212: [GC pause (G1 Humongous Allocation) (young)-- 97M->97M(128M), 0.0007802 secs]
0.213: [Full GC (Allocation Failure)  97M->97M(128M), 0.0015744 secs]
0.215: [GC concurrent-mark-abort]
0.215: [GC pause (G1 Humongous Allocation) (young) (initial-mark) 97M->97M(128M), 0.0006903 secs]
0.215: [GC concurrent-root-region-scan-start]
0.215: [GC concurrent-root-region-scan-end, 0.0000021 secs]
0.215: [GC concurrent-mark-start]
0.216: [GC pause (G1 Evacuation Pause) (young)-- 99M->99M(128M), 0.0007619 secs]
0.217: [Full GC (Allocation Failure)  99M->98M(128M), 0.0014925 secs]
0.218: [GC concurrent-mark-abort]
0.218: [GC pause (G1 Evacuation Pause) (young)-- 99M->99M(128M), 0.0007308 secs]
0.219: [Full GC (Allocation Failure)  99M->98M(128M), 0.0014075 secs]
0.221: [GC pause (G1 Evacuation Pause) (young)-- 99M->99M(128M), 0.0007458 secs]
0.221: [Full GC (Allocation Failure)  99M->98M(128M), 0.0014004 secs]
0.223: [Full GC (Allocation Failure)  98M->98M(128M), 0.0014863 secs]
0.224: [GC pause (G1 Evacuation Pause) (young) 98M->98M(128M), 0.0007690 secs]
0.225: [GC pause (G1 Evacuation Pause) (young) (initial-mark) 98M->98M(128M), 0.0006967 secs]
0.226: [GC concurrent-root-region-scan-start]
0.226: [GC concurrent-root-region-scan-end, 0.0000031 secs]
0.226: [GC concurrent-mark-start]
0.226: [Full GC (Allocation Failure)  98M->280K(128M), 0.0013389 secs]
0.227: [GC concurrent-mark-abort]
