Java HotSpot(TM) 64-Bit Server VM (25.271-b09) for bsd-amd64 JRE (1.8.0_271-b09), built on Sep 16 2020 16:54:38 by "java_re" with gcc 4.2.1 Compatible Apple LLVM 10.0.0 (clang-1000.11.45.5)
Memory: 4k page, physical 16777216k(1060248k free)

/proc/meminfo:

CommandLine flags: -XX:InitialHeapSize=536870912 -XX:MaxHeapSize=536870912 -XX:+PrintGC -XX:+PrintGCTimeStamps -XX:+UseCompressedClassPointers -XX:+UseCompressedOops -XX:+UseG1GC 
0.086: [GC pause (G1 Evacuation Pause) (young) 31M->10035K(512M), 0.0038396 secs]
0.097: [GC pause (G1 Evacuation Pause) (young) 38M->18M(512M), 0.0041345 secs]
0.116: [GC pause (G1 Evacuation Pause) (young) 74M->35M(512M), 0.0093265 secs]
0.142: [GC pause (G1 Evacuation Pause) (young) 110M->62M(512M), 0.0090661 secs]
0.295: [GC pause (G1 Evacuation Pause) (young)-- 436M->337M(512M), 0.0128849 secs]
0.309: [GC pause (G1 Humongous Allocation) (young) (initial-mark) 338M->336M(512M), 0.0042563 secs]
0.313: [GC concurrent-root-region-scan-start]
0.313: [GC concurrent-root-region-scan-end, 0.0000029 secs]
0.313: [GC concurrent-mark-start]
0.315: [GC concurrent-mark-end, 0.0019243 secs]
0.315: [GC remark, 0.0017627 secs]
0.317: [GC cleanup 356M->356M(512M), 0.0007592 secs]
0.330: [GC pause (G1 Evacuation Pause) (young)-- 445M->379M(512M), 0.0054850 secs]
0.337: [GC pause (G1 Evacuation Pause) (mixed) 396M->336M(512M), 0.0031878 secs]
0.344: [GC pause (G1 Evacuation Pause) (mixed) 363M->297M(512M), 0.0030131 secs]
0.350: [GC pause (G1 Evacuation Pause) (mixed) 326M->263M(512M), 0.0028811 secs]
0.356: [GC pause (G1 Evacuation Pause) (mixed) 289M->237M(512M), 0.0037083 secs]
0.363: [GC pause (G1 Evacuation Pause) (mixed) 261M->243M(512M), 0.0024276 secs]
0.366: [GC pause (G1 Humongous Allocation) (young) (initial-mark) 247M->245M(512M), 0.0015889 secs]
0.368: [GC concurrent-root-region-scan-start]
0.368: [GC concurrent-root-region-scan-end, 0.0000799 secs]
0.368: [GC concurrent-mark-start]
0.369: [GC concurrent-mark-end, 0.0005059 secs]
0.369: [GC remark, 0.0011190 secs]
0.370: [GC cleanup 250M->246M(512M), 0.0007763 secs]
0.371: [GC concurrent-cleanup-start]
0.371: [GC concurrent-cleanup-end, 0.0000074 secs]
0.392: [GC pause (G1 Evacuation Pause) (young) 407M->282M(512M), 0.0055082 secs]
0.398: [GC pause (G1 Evacuation Pause) (mixed) 289M->256M(512M), 0.0043643 secs]
0.403: [GC pause (G1 Humongous Allocation) (young) (initial-mark) 257M->255M(512M), 0.0014523 secs]
0.405: [GC concurrent-root-region-scan-start]
0.405: [GC concurrent-root-region-scan-end, 0.0001468 secs]
0.405: [GC concurrent-mark-start]
0.406: [GC concurrent-mark-end, 0.0008522 secs]
0.406: [GC remark, 0.0012290 secs]
0.407: [GC cleanup 261M->261M(512M), 0.0007737 secs]
0.434: [GC pause (G1 Evacuation Pause) (young)-- 426M->331M(512M), 0.0045541 secs]
0.439: [GC pause (G1 Evacuation Pause) (mixed) 339M->308M(512M), 0.0052331 secs]
0.445: [GC pause (G1 Humongous Allocation) (young) (initial-mark) 308M->308M(512M), 0.0032468 secs]
0.448: [GC concurrent-root-region-scan-start]
0.448: [GC concurrent-root-region-scan-end, 0.0000875 secs]
0.448: [GC concurrent-mark-start]
0.449: [GC concurrent-mark-end, 0.0010342 secs]
0.449: [GC remark, 0.0015597 secs]
0.451: [GC cleanup 314M->312M(512M), 0.0010348 secs]
0.452: [GC concurrent-cleanup-start]
0.452: [GC concurrent-cleanup-end, 0.0000079 secs]
0.467: [GC pause (G1 Evacuation Pause) (young) 422M->342M(512M), 0.0044296 secs]
0.474: [GC pause (G1 Evacuation Pause) (mixed) 359M->306M(512M), 0.0036565 secs]
0.482: [GC pause (G1 Evacuation Pause) (mixed) 332M->298M(512M), 0.0034742 secs]
0.485: [GC pause (G1 Humongous Allocation) (young) (initial-mark) 299M->298M(512M), 0.0015867 secs]
0.487: [GC concurrent-root-region-scan-start]
0.487: [GC concurrent-root-region-scan-end, 0.0000791 secs]
0.487: [GC concurrent-mark-start]
0.488: [GC concurrent-mark-end, 0.0009095 secs]
0.488: [GC remark, 0.0012196 secs]
0.489: [GC cleanup 306M->306M(512M), 0.0008374 secs]
0.505: [GC pause (G1 Evacuation Pause) (young)-- 424M->344M(512M), 0.0042422 secs]
0.512: [GC pause (G1 Evacuation Pause) (mixed) 358M->321M(512M), 0.0046172 secs]
0.520: [GC pause (G1 Evacuation Pause) (mixed) 349M->328M(512M), 0.0025831 secs]
0.523: [GC pause (G1 Humongous Allocation) (young) (initial-mark) 328M->327M(512M), 0.0014817 secs]
0.525: [GC concurrent-root-region-scan-start]
0.525: [GC concurrent-root-region-scan-end, 0.0000721 secs]
0.525: [GC concurrent-mark-start]
0.525: [GC concurrent-mark-end, 0.0008861 secs]
0.526: [GC remark, 0.0012330 secs]
0.527: [GC cleanup 335M->334M(512M), 0.0007739 secs]
0.528: [GC concurrent-cleanup-start]
0.528: [GC concurrent-cleanup-end, 0.0000063 secs]
0.539: [GC pause (G1 Evacuation Pause) (young) 416M->354M(512M), 0.0040878 secs]
0.546: [GC pause (G1 Evacuation Pause) (mixed) 375M->331M(512M), 0.0050947 secs]
0.555: [GC pause (G1 Evacuation Pause) (mixed) 353M->331M(512M), 0.0028602 secs]
0.558: [GC pause (G1 Humongous Allocation) (young) (initial-mark) 332M->331M(512M), 0.0016078 secs]
0.559: [GC concurrent-root-region-scan-start]
0.560: [GC concurrent-root-region-scan-end, 0.0000699 secs]
0.560: [GC concurrent-mark-start]
0.560: [GC concurrent-mark-end, 0.0009011 secs]
0.561: [GC remark, 0.0013717 secs]
0.562: [GC cleanup 340M->340M(512M), 0.0007589 secs]
0.572: [GC pause (G1 Evacuation Pause) (young) 403M->349M(512M), 0.0034516 secs]
0.578: [GC pause (G1 Evacuation Pause) (mixed) 367M->333M(512M), 0.0053254 secs]
0.583: [GC pause (G1 Humongous Allocation) (young) (initial-mark) 333M->333M(512M), 0.0017341 secs]
0.585: [GC concurrent-root-region-scan-start]
0.585: [GC concurrent-root-region-scan-end, 0.0000807 secs]
0.585: [GC concurrent-mark-start]
0.586: [GC concurrent-mark-end, 0.0009648 secs]
0.586: [GC remark, 0.0014109 secs]
0.588: [GC cleanup 342M->341M(512M), 0.0008625 secs]
0.589: [GC concurrent-cleanup-start]
0.589: [GC concurrent-cleanup-end, 0.0000042 secs]
0.599: [GC pause (G1 Evacuation Pause) (young) 410M->351M(512M), 0.0034544 secs]
0.606: [GC pause (G1 Evacuation Pause) (mixed) 373M->341M(512M), 0.0044430 secs]
0.610: [GC pause (G1 Humongous Allocation) (young) (initial-mark) 343M->341M(512M), 0.0017693 secs]
0.612: [GC concurrent-root-region-scan-start]
0.612: [GC concurrent-root-region-scan-end, 0.0000701 secs]
0.612: [GC concurrent-mark-start]
0.613: [GC concurrent-mark-end, 0.0009334 secs]
0.613: [GC remark, 0.0014859 secs]
0.615: [GC cleanup 347M->347M(512M), 0.0007621 secs]
0.623: [GC pause (G1 Evacuation Pause) (young) 399M->359M(512M), 0.0031857 secs]
0.630: [GC pause (G1 Evacuation Pause) (mixed) 386M->350M(512M), 0.0055270 secs]
0.636: [GC pause (G1 Humongous Allocation) (young) (initial-mark) 352M->350M(512M), 0.0016064 secs]
0.638: [GC concurrent-root-region-scan-start]
0.638: [GC concurrent-root-region-scan-end, 0.0000397 secs]
0.638: [GC concurrent-mark-start]
0.639: [GC concurrent-mark-end, 0.0009993 secs]
0.639: [GC remark, 0.0013662 secs]
0.640: [GC cleanup 357M->357M(512M), 0.0008673 secs]
0.647: [GC pause (G1 Evacuation Pause) (young) 404M->362M(512M), 0.0032674 secs]
0.654: [GC pause (G1 Evacuation Pause) (mixed) 384M->345M(512M), 0.0053434 secs]
0.664: [GC pause (G1 Evacuation Pause) (mixed) 370M->350M(512M), 0.0023324 secs]
0.666: [GC pause (G1 Humongous Allocation) (young) (initial-mark) 353M->351M(512M), 0.0014963 secs]
0.668: [GC concurrent-root-region-scan-start]
0.668: [GC concurrent-root-region-scan-end, 0.0000833 secs]
0.668: [GC concurrent-mark-start]
0.669: [GC concurrent-mark-end, 0.0010187 secs]
0.669: [GC remark, 0.0012233 secs]
0.670: [GC cleanup 358M->358M(512M), 0.0007643 secs]
0.677: [GC pause (G1 Evacuation Pause) (young) 402M->364M(512M), 0.0029305 secs]
0.683: [GC pause (G1 Evacuation Pause) (mixed) 386M->352M(512M), 0.0048368 secs]
0.688: [GC pause (G1 Humongous Allocation) (young) (initial-mark) 353M->353M(512M), 0.0016640 secs]
0.689: [GC concurrent-root-region-scan-start]
0.689: [GC concurrent-root-region-scan-end, 0.0000555 secs]
0.689: [GC concurrent-mark-start]
0.690: [GC concurrent-mark-end, 0.0010619 secs]
0.691: [GC remark, 0.0014770 secs]
0.692: [GC cleanup 360M->360M(512M), 0.0008590 secs]
0.698: [GC pause (G1 Evacuation Pause) (young) 392M->362M(512M), 0.0024513 secs]
0.704: [GC pause (G1 Evacuation Pause) (mixed) 386M->354M(512M), 0.0042999 secs]
0.708: [GC pause (G1 Humongous Allocation) (young) (initial-mark) 354M->353M(512M), 0.0017782 secs]
0.710: [GC concurrent-root-region-scan-start]
0.710: [GC concurrent-root-region-scan-end, 0.0000429 secs]
0.710: [GC concurrent-mark-start]
0.711: [GC concurrent-mark-end, 0.0010557 secs]
0.711: [GC remark, 0.0014696 secs]
0.713: [GC cleanup 363M->363M(512M), 0.0008161 secs]
0.719: [GC pause (G1 Evacuation Pause) (young) 402M->365M(512M), 0.0031915 secs]
0.726: [GC pause (G1 Evacuation Pause) (mixed) 389M->356M(512M), 0.0043709 secs]
0.732: [GC pause (G1 Humongous Allocation) (young) (initial-mark) 365M->356M(512M), 0.0018754 secs]
0.734: [GC concurrent-root-region-scan-start]
0.734: [GC concurrent-root-region-scan-end, 0.0000748 secs]
0.734: [GC concurrent-mark-start]
0.735: [GC concurrent-mark-end, 0.0008708 secs]
0.735: [GC remark, 0.0014043 secs]
0.736: [GC cleanup 364M->364M(512M), 0.0008879 secs]
0.742: [GC pause (G1 Evacuation Pause) (young) 401M->369M(512M), 0.0030962 secs]
0.749: [GC pause (G1 Evacuation Pause) (mixed) 395M->361M(512M), 0.0051661 secs]
0.755: [GC pause (G1 Humongous Allocation) (young) (initial-mark) 365M->363M(512M), 0.0017650 secs]
0.757: [GC concurrent-root-region-scan-start]
0.757: [GC concurrent-root-region-scan-end, 0.0000735 secs]
0.757: [GC concurrent-mark-start]
0.758: [GC concurrent-mark-end, 0.0009603 secs]
0.758: [GC remark, 0.0013383 secs]
0.760: [GC cleanup 369M->369M(512M), 0.0007288 secs]
0.764: [GC pause (G1 Evacuation Pause) (young) 400M->375M(512M), 0.0029748 secs]
0.772: [GC pause (G1 Evacuation Pause) (mixed) 402M->369M(512M), 0.0053503 secs]
0.778: [GC pause (G1 Humongous Allocation) (young) (initial-mark) 373M->370M(512M), 0.0017620 secs]
0.780: [GC concurrent-root-region-scan-start]
0.780: [GC concurrent-root-region-scan-end, 0.0000742 secs]
0.780: [GC concurrent-mark-start]
0.781: [GC concurrent-mark-end, 0.0008479 secs]
0.781: [GC remark, 0.0016415 secs]
0.783: [GC cleanup 376M->376M(512M), 0.0008394 secs]
0.787: [GC pause (G1 Evacuation Pause) (young) 403M->382M(512M), 0.0026350 secs]
0.794: [GC pause (G1 Evacuation Pause) (mixed)-- 410M->385M(512M), 0.0055217 secs]
0.799: [GC pause (G1 Humongous Allocation) (young) (initial-mark) 386M->385M(512M), 0.0016954 secs]
0.801: [GC concurrent-root-region-scan-start]
0.801: [GC concurrent-root-region-scan-end, 0.0000422 secs]
0.801: [GC concurrent-mark-start]
0.802: [GC concurrent-mark-end, 0.0010316 secs]
0.802: [GC remark, 0.0013877 secs]
0.804: [GC cleanup 395M->395M(512M), 0.0008785 secs]
0.807: [GC pause (G1 Evacuation Pause) (young) 414M->392M(512M), 0.0018848 secs]
0.813: [GC pause (G1 Evacuation Pause) (mixed)-- 421M->393M(512M), 0.0045935 secs]
0.822: [GC pause (G1 Evacuation Pause) (mixed) 423M->398M(512M), 0.0029532 secs]
0.825: [GC pause (G1 Humongous Allocation) (young) (initial-mark) 400M->400M(512M), 0.0015523 secs]
0.826: [GC concurrent-root-region-scan-start]
0.827: [GC concurrent-root-region-scan-end, 0.0000381 secs]
0.827: [GC concurrent-mark-start]
0.827: [GC concurrent-mark-end, 0.0009900 secs]
0.828: [GC remark, 0.0013980 secs]
0.829: [GC cleanup 408M->408M(512M), 0.0007955 secs]
0.833: [GC pause (G1 Evacuation Pause) (young) 431M->408M(512M), 0.0023483 secs]
0.839: [GC pause (G1 Evacuation Pause) (mixed)-- 434M->423M(512M), 0.0031330 secs]
0.846: [GC pause (G1 Evacuation Pause) (mixed)-- 450M->442M(512M), 0.0021859 secs]
0.848: [GC pause (G1 Humongous Allocation) (young) (initial-mark) 442M->442M(512M), 0.0010334 secs]
0.849: [GC concurrent-root-region-scan-start]
0.849: [GC concurrent-root-region-scan-end, 0.0000397 secs]
0.849: [GC concurrent-mark-start]
0.850: [GC concurrent-mark-end, 0.0007995 secs]
0.850: [GC remark, 0.0011281 secs]
0.851: [GC cleanup 448M->446M(512M), 0.0007502 secs]
0.852: [GC concurrent-cleanup-start]
0.852: [GC concurrent-cleanup-end, 0.0000059 secs]
0.854: [GC pause (G1 Evacuation Pause) (young)-- 453M->448M(512M), 0.0010151 secs]
0.856: [GC pause (G1 Evacuation Pause) (mixed)-- 454M->452M(512M), 0.0010304 secs]
0.857: [GC pause (G1 Evacuation Pause) (mixed)-- 455M->455M(512M), 0.0009694 secs]
0.858: [Full GC (Allocation Failure)  455M->325M(512M), 0.0325631 secs]
0.891: [GC pause (G1 Humongous Allocation) (young) (initial-mark) 325M->325M(512M), 0.0015977 secs]
0.893: [GC concurrent-root-region-scan-start]
0.893: [GC concurrent-root-region-scan-end, 0.0000774 secs]
0.893: [GC concurrent-mark-start]
0.894: [GC concurrent-mark-end, 0.0009116 secs]
0.894: [GC remark, 0.0014408 secs]
0.895: [GC cleanup 335M->335M(512M), 0.0008904 secs]
0.902: [GC pause (G1 Evacuation Pause) (young) 376M->341M(512M), 0.0032297 secs]
0.906: [GC pause (G1 Humongous Allocation) (young) (initial-mark) 342M->342M(512M), 0.0015506 secs]
0.908: [GC concurrent-root-region-scan-start]
0.908: [GC concurrent-root-region-scan-end, 0.0000844 secs]
0.908: [GC concurrent-mark-start]
0.909: [GC concurrent-mark-end, 0.0009459 secs]
0.909: [GC remark, 0.0012897 secs]
0.910: [GC cleanup 353M->353M(512M), 0.0008044 secs]
0.913: [GC pause (G1 Evacuation Pause) (young) 371M->345M(512M), 0.0021493 secs]
0.919: [GC pause (G1 Evacuation Pause) (mixed) 370M->344M(512M), 0.0028533 secs]
0.923: [GC pause (G1 Humongous Allocation) (young) (initial-mark) 349M->346M(512M), 0.0015845 secs]
0.924: [GC concurrent-root-region-scan-start]
0.924: [GC concurrent-root-region-scan-end, 0.0000709 secs]
0.924: [GC concurrent-mark-start]
0.925: [GC concurrent-mark-end, 0.0009123 secs]
0.925: [GC remark, 0.0013679 secs]
0.927: [GC cleanup 355M->355M(512M), 0.0007494 secs]
0.931: [GC pause (G1 Evacuation Pause) (young) 381M->357M(512M), 0.0026296 secs]
0.937: [GC pause (G1 Evacuation Pause) (mixed) 382M->360M(512M), 0.0037157 secs]
0.941: [GC pause (G1 Humongous Allocation) (young) (initial-mark) 360M->359M(512M), 0.0016762 secs]
0.942: [GC concurrent-root-region-scan-start]
0.942: [GC concurrent-root-region-scan-end, 0.0000412 secs]
0.942: [GC concurrent-mark-start]
0.943: [GC concurrent-mark-end, 0.0009183 secs]
0.943: [GC remark, 0.0011720 secs]
0.945: [GC cleanup 366M->366M(512M), 0.0007729 secs]
0.949: [GC pause (G1 Evacuation Pause) (young) 392M->364M(512M), 0.0023360 secs]
0.954: [GC pause (G1 Evacuation Pause) (mixed) 391M->366M(512M), 0.0044885 secs]
0.961: [GC pause (G1 Humongous Allocation) (young) (initial-mark) 378M->368M(512M), 0.0021367 secs]
0.963: [GC concurrent-root-region-scan-start]
0.963: [GC concurrent-root-region-scan-end, 0.0000705 secs]
0.963: [GC concurrent-mark-start]
0.964: [GC concurrent-mark-end, 0.0009046 secs]
0.964: [GC remark, 0.0014747 secs]
0.965: [GC cleanup 375M->375M(512M), 0.0007723 secs]
0.969: [GC pause (G1 Evacuation Pause) (young) 398M->375M(512M), 0.0026358 secs]
0.975: [GC pause (G1 Evacuation Pause) (mixed)-- 404M->392M(512M), 0.0045788 secs]
0.980: [GC pause (G1 Humongous Allocation) (young) (initial-mark) 398M->392M(512M), 0.0017810 secs]
0.982: [GC concurrent-root-region-scan-start]
0.982: [GC concurrent-root-region-scan-end, 0.0000845 secs]
0.982: [GC concurrent-mark-start]
0.983: [GC concurrent-mark-end, 0.0008300 secs]
0.983: [GC remark, 0.0014870 secs]
0.985: [GC cleanup 400M->400M(512M), 0.0008636 secs]
0.988: [GC pause (G1 Evacuation Pause) (young) 420M->400M(512M), 0.0019679 secs]
0.994: [GC pause (G1 Evacuation Pause) (mixed)-- 428M->421M(512M), 0.0026972 secs]
0.999: [GC pause (G1 Evacuation Pause) (mixed)-- 435M->433M(512M), 0.0014047 secs]
1.000: [GC pause (G1 Evacuation Pause) (young)-- 436M->436M(512M), 0.0009850 secs]
1.001: [Full GC (Allocation Failure)  436M->342M(512M), 0.0335800 secs]
1.035: [GC pause (G1 Humongous Allocation) (young) (initial-mark) 344M->343M(512M), 0.0016565 secs]
1.037: [GC concurrent-root-region-scan-start]
1.037: [GC concurrent-root-region-scan-end, 0.0000705 secs]
1.037: [GC concurrent-mark-start]
1.038: [GC concurrent-mark-end, 0.0008698 secs]
1.038: [GC remark, 0.0016357 secs]
1.040: [GC cleanup 350M->350M(512M), 0.0009866 secs]
1.044: [GC pause (G1 Evacuation Pause) (young) 373M->351M(512M), 0.0020848 secs]
1.047: [GC pause (G1 Humongous Allocation) (young) (initial-mark) 356M->351M(512M), 0.0013369 secs]
1.049: [GC concurrent-root-region-scan-start]
1.049: [GC concurrent-root-region-scan-end, 0.0000912 secs]
1.049: [GC concurrent-mark-start]
1.050: [GC concurrent-mark-end, 0.0009623 secs]
1.050: [GC remark, 0.0011921 secs]
1.051: [GC cleanup 360M->360M(512M), 0.0007992 secs]
1.055: [GC pause (G1 Evacuation Pause) (young) 382M->358M(512M), 0.0024064 secs]
1.061: [GC pause (G1 Evacuation Pause) (mixed) 383M->361M(512M), 0.0026334 secs]
1.064: [GC pause (G1 Humongous Allocation) (young) (initial-mark) 363M->362M(512M), 0.0016739 secs]
1.065: [GC concurrent-root-region-scan-start]
1.065: [GC concurrent-root-region-scan-end, 0.0000838 secs]
1.065: [GC concurrent-mark-start]
1.066: [GC concurrent-mark-end, 0.0008635 secs]
1.066: [GC remark, 0.0012266 secs]
1.068: [GC cleanup 363M->363M(512M), 0.0007944 secs]
