Java HotSpot(TM) 64-Bit Server VM (25.271-b09) for bsd-amd64 JRE (1.8.0_271-b09), built on Sep 16 2020 16:54:38 by "java_re" with gcc 4.2.1 Compatible Apple LLVM 10.0.0 (clang-1000.11.45.5)
Memory: 4k page, physical 16777216k(1067456k free)

/proc/meminfo:

CommandLine flags: -XX:InitialHeapSize=536870912 -XX:MaxHeapSize=536870912 -XX:MaxNewSize=178958336 -XX:MaxTenuringThreshold=6 -XX:NewSize=178958336 -XX:OldPLABSize=16 -XX:OldSize=357912576 -XX:+PrintGC -XX:+PrintGCTimeStamps -XX:+UseCompressedClassPointers -XX:+UseCompressedOops -XX:+UseConcMarkSweepGC -XX:+UseParNewGC 
0.130: [GC (Allocation Failure)  139636K->48657K(506816K), 0.0191540 secs]
0.167: [GC (Allocation Failure)  188433K->93783K(506816K), 0.0194936 secs]
0.203: [GC (Allocation Failure)  233559K->139476K(506816K), 0.0245731 secs]
0.242: [GC (Allocation Failure)  279032K->183309K(506816K), 0.0224552 secs]
0.281: [GC (Allocation Failure)  323085K->227582K(506816K), 0.0219842 secs]
0.303: [GC (CMS Initial Mark)  227870K(506816K), 0.0003086 secs]
0.319: [GC (Allocation Failure)  367358K->274992K(506816K), 0.0241006 secs]
0.356: [GC (Allocation Failure)  414768K->319159K(506816K), 0.0220334 secs]
0.391: [Full GC (Allocation Failure)  458935K->242427K(506816K), 0.0345370 secs]
0.444: [GC (Allocation Failure)  382203K->285047K(506816K), 0.0052907 secs]
0.450: [GC (CMS Initial Mark)  287995K(506816K), 0.0001944 secs]
0.465: [GC (Allocation Failure)  424823K->327635K(506816K), 0.0103024 secs]
0.491: [Full GC (Allocation Failure)  467226K->280589K(506816K), 0.0370681 secs]
0.547: [GC (Allocation Failure)  420087K->322963K(506816K), 0.0054108 secs]
0.553: [GC (CMS Initial Mark)  326063K(506816K), 0.0002232 secs]
0.570: [GC (Allocation Failure)  462739K->361302K(506816K), 0.0181014 secs]
0.588: [GC (CMS Final Remark)  364709K(506816K), 0.0008182 secs]
0.604: [Full GC (Allocation Failure)  469193K->304393K(506816K), 0.0390362 secs]
0.643: [GC (CMS Initial Mark)  307814K(506816K), 0.0002572 secs]
0.661: [GC (Allocation Failure)  444169K->344915K(506816K), 0.0049142 secs]
0.666: [GC (CMS Final Remark)  355793K(506816K), 0.0008008 secs]
0.681: [Full GC (Allocation Failure)  484494K->313163K(506816K), 0.0395410 secs]
0.721: [GC (CMS Initial Mark)  313326K(506816K), 0.0002597 secs]
0.739: [GC (Allocation Failure)  452939K->356441K(506816K), 0.0053369 secs]
0.745: [GC (CMS Final Remark)  359326K(506816K), 0.0008933 secs]
0.761: [Full GC (Allocation Failure)  496217K->330659K(506816K), 0.0402518 secs]
0.802: [GC (CMS Initial Mark)  330803K(506816K), 0.0002841 secs]
0.821: [Full GC (Allocation Failure)  470435K->342023K(506816K), 0.0431669 secs]
0.884: [Full GC (Allocation Failure)  481799K->342808K(506816K), 0.0455639 secs]
0.931: [GC (CMS Initial Mark)  345805K(506816K), 0.0003677 secs]
0.932: [GC (CMS Final Remark)  354304K(506816K), 0.0011039 secs]
0.954: [Full GC (Allocation Failure)  481000K->339320K(506816K), 0.0464571 secs]
1.001: [GC (CMS Initial Mark)  340055K(506816K), 0.0003505 secs]
1.020: [Full GC (Allocation Failure)  479096K->344498K(506816K), 0.0454434 secs]
