Java HotSpot(TM) 64-Bit Server VM (25.271-b09) for bsd-amd64 JRE (1.8.0_271-b09), built on Sep 16 2020 16:54:38 by "java_re" with gcc 4.2.1 Compatible Apple LLVM 10.0.0 (clang-1000.11.45.5)
Memory: 4k page, physical 16777216k(1056092k free)

/proc/meminfo:

CommandLine flags: -XX:InitialHeapSize=536870912 -XX:MaxHeapSize=536870912 -XX:+PrintGC -XX:+PrintGCTimeStamps -XX:+UseCompressedClassPointers -XX:+UseCompressedOops -XX:+UseParallelGC 
0.124: [GC (Allocation Failure)  131150K->44987K(502784K), 0.0179282 secs]
0.157: [GC (Allocation Failure)  176571K->90211K(502784K), 0.0295113 secs]
0.198: [GC (Allocation Failure)  221795K->133117K(502784K), 0.0209594 secs]
0.234: [GC (Allocation Failure)  264701K->172155K(502784K), 0.0178523 secs]
0.265: [GC (Allocation Failure)  303739K->210721K(502784K), 0.0186299 secs]
0.298: [GC (Allocation Failure)  342288K->250860K(430080K), 0.0184430 secs]
0.323: [GC (Allocation Failure)  309336K->276154K(466432K), 0.0048664 secs]
0.334: [GC (Allocation Failure)  334881K->295520K(466432K), 0.0072507 secs]
0.349: [GC (Allocation Failure)  354400K->315523K(466432K), 0.0167935 secs]
0.374: [GC (Allocation Failure)  374093K->331921K(466432K), 0.0179282 secs]
0.392: [Full GC (Ergonomics)  331921K->243581K(466432K), 0.0288923 secs]
0.430: [GC (Allocation Failure)  302275K->263641K(466432K), 0.0026182 secs]
0.443: [GC (Allocation Failure)  322521K->283081K(466432K), 0.0045501 secs]
0.458: [GC (Allocation Failure)  341961K->303945K(466432K), 0.0044484 secs]
0.472: [GC (Allocation Failure)  362466K->322290K(466432K), 0.0081367 secs]
0.480: [Full GC (Ergonomics)  322290K->272273K(466432K), 0.0278774 secs]
0.518: [GC (Allocation Failure)  330913K->294262K(466432K), 0.0026157 secs]
0.530: [GC (Allocation Failure)  353043K->312682K(466432K), 0.0044801 secs]
0.544: [GC (Allocation Failure)  371562K->332103K(466432K), 0.0080904 secs]
0.552: [Full GC (Ergonomics)  332103K->289043K(466432K), 0.0299824 secs]
0.593: [GC (Allocation Failure)  347897K->309323K(466432K), 0.0026867 secs]
0.606: [GC (Allocation Failure)  368192K->330961K(466432K), 0.0045348 secs]
0.620: [GC (Allocation Failure)  389798K->350042K(466432K), 0.0127200 secs]
0.633: [Full GC (Ergonomics)  350042K->300852K(466432K), 0.0303756 secs]
0.673: [GC (Allocation Failure)  359704K->323778K(466432K), 0.0029045 secs]
0.684: [GC (Allocation Failure)  382658K->343495K(466432K), 0.0047415 secs]
0.689: [Full GC (Ergonomics)  343495K->311039K(466432K), 0.0318604 secs]
0.731: [GC (Allocation Failure)  369584K->330959K(466432K), 0.0025288 secs]
0.743: [GC (Allocation Failure)  389154K->347826K(466432K), 0.0041682 secs]
0.747: [Full GC (Ergonomics)  347826K->314045K(466432K), 0.0325880 secs]
0.791: [GC (Allocation Failure)  372925K->336177K(466432K), 0.0026871 secs]
0.803: [GC (Allocation Failure)  395007K->356572K(466432K), 0.0066646 secs]
0.810: [Full GC (Ergonomics)  356572K->326867K(466432K), 0.0328628 secs]
0.855: [Full GC (Ergonomics)  385394K->327045K(466432K), 0.0347506 secs]
0.900: [Full GC (Ergonomics)  385881K->330446K(466432K), 0.0323942 secs]
0.943: [Full GC (Ergonomics)  389326K->331206K(466432K), 0.0336417 secs]
0.989: [Full GC (Ergonomics)  389872K->331205K(466432K), 0.0347418 secs]
1.035: [Full GC (Ergonomics)  390037K->335410K(466432K), 0.0338924 secs]
