Java HotSpot(TM) 64-Bit Server VM (25.271-b09) for bsd-amd64 JRE (1.8.0_271-b09), built on Sep 16 2020 16:54:38 by "java_re" with gcc 4.2.1 Compatible Apple LLVM 10.0.0 (clang-1000.11.45.5)
Memory: 4k page, physical 16777216k(1052096k free)

/proc/meminfo:

CommandLine flags: -XX:InitialHeapSize=536870912 -XX:MaxHeapSize=536870912 -XX:+PrintGC -XX:+PrintGCTimeStamps -XX:+UseCompressedClassPointers -XX:+UseCompressedOops -XX:+UseParallelGC 
0.126: [GC (Allocation Failure)  131514K->41061K(502784K), 0.0156167 secs]
0.159: [GC (Allocation Failure)  172645K->80962K(502784K), 0.0234979 secs]
0.199: [GC (Allocation Failure)  212546K->123700K(502784K), 0.0193938 secs]
0.235: [GC (Allocation Failure)  255284K->165555K(502784K), 0.0186056 secs]
0.268: [GC (Allocation Failure)  297139K->209195K(502784K), 0.0203006 secs]
0.303: [GC (Allocation Failure)  340599K->251354K(430080K), 0.0197270 secs]
0.329: [GC (Allocation Failure)  310234K->274822K(466432K), 0.0047769 secs]
0.340: [GC (Allocation Failure)  333629K->297001K(466432K), 0.0077978 secs]
0.356: [GC (Allocation Failure)  355881K->313986K(466432K), 0.0152335 secs]
0.379: [GC (Allocation Failure)  372833K->330103K(466432K), 0.0191275 secs]
0.399: [Full GC (Ergonomics)  330103K->237404K(466432K), 0.0284017 secs]
0.436: [GC (Allocation Failure)  295822K->260110K(466432K), 0.0028963 secs]
0.449: [GC (Allocation Failure)  318843K->278611K(466432K), 0.0045066 secs]
0.462: [GC (Allocation Failure)  337491K->297936K(466432K), 0.0047352 secs]
0.476: [GC (Allocation Failure)  356614K->315869K(466432K), 0.0056641 secs]
0.482: [Full GC (Ergonomics)  315869K->261616K(466432K), 0.0269809 secs]
0.519: [GC (Allocation Failure)  320494K->284934K(466432K), 0.0031682 secs]
0.533: [GC (Allocation Failure)  343651K->299987K(466432K), 0.0044099 secs]
0.548: [GC (Allocation Failure)  358647K->317713K(466432K), 0.0037525 secs]
0.561: [GC (Allocation Failure)  376065K->341817K(466432K), 0.0125616 secs]
0.574: [Full GC (Ergonomics)  341817K->288020K(466432K), 0.0310470 secs]
0.616: [GC (Allocation Failure)  346900K->303771K(466432K), 0.0022359 secs]
0.626: [GC (Allocation Failure)  362651K->320776K(466432K), 0.0038599 secs]
0.640: [GC (Allocation Failure)  379536K->338623K(466432K), 0.0054620 secs]
0.645: [Full GC (Ergonomics)  338623K->301750K(466432K), 0.0314613 secs]
0.688: [GC (Allocation Failure)  360471K->320472K(466432K), 0.0025446 secs]
0.701: [GC (Allocation Failure)  379352K->335790K(466432K), 0.0040343 secs]
0.705: [Full GC (Ergonomics)  335790K->305394K(466432K), 0.0305077 secs]
0.748: [GC (Allocation Failure)  364274K->323046K(466432K), 0.0022525 secs]
0.760: [GC (Allocation Failure)  381926K->339540K(466432K), 0.0047785 secs]
0.765: [Full GC (Ergonomics)  339540K->313798K(466432K), 0.0316093 secs]
0.808: [GC (Allocation Failure)  372010K->330315K(466432K), 0.0022196 secs]
0.820: [GC (Allocation Failure)  389195K->351432K(466432K), 0.0080425 secs]
0.828: [Full GC (Ergonomics)  351432K->319079K(466432K), 0.0330827 secs]
0.873: [GC (Allocation Failure)  377959K->337112K(466432K), 0.0024856 secs]
0.884: [GC (Allocation Failure)  395477K->357217K(466432K), 0.0070393 secs]
0.892: [Full GC (Ergonomics)  357217K->323282K(466432K), 0.0325451 secs]
0.935: [Full GC (Ergonomics)  382022K->325389K(466432K), 0.0340148 secs]
0.981: [Full GC (Ergonomics)  384144K->319245K(466432K), 0.0324400 secs]
1.024: [GC (Allocation Failure)  378080K->339748K(469504K), 0.0026243 secs]
1.037: [GC (Allocation Failure)  402163K->359077K(452096K), 0.0044410 secs]
1.051: [GC (Allocation Failure)  421541K->379611K(466432K), 0.0064202 secs]
