Java HotSpot(TM) 64-Bit Server VM (25.271-b09) for bsd-amd64 JRE (1.8.0_271-b09), built on Sep 16 2020 16:54:38 by "java_re" with gcc 4.2.1 Compatible Apple LLVM 10.0.0 (clang-1000.11.45.5)
Memory: 4k page, physical 16777216k(1065920k free)

/proc/meminfo:

CommandLine flags: -XX:InitialHeapSize=536870912 -XX:MaxHeapSize=536870912 -XX:MaxNewSize=178958336 -XX:MaxTenuringThreshold=6 -XX:NewSize=178958336 -XX:OldPLABSize=16 -XX:OldSize=357912576 -XX:+PrintGC -XX:+PrintGCTimeStamps -XX:+UseCompressedClassPointers -XX:+UseCompressedOops -XX:+UseConcMarkSweepGC -XX:+UseParNewGC 
0.129: [GC (Allocation Failure)  139776K->43602K(506816K), 0.0185652 secs]
0.163: [GC (Allocation Failure)  183378K->85560K(506816K), 0.0238247 secs]
0.200: [GC (Allocation Failure)  225325K->130864K(506816K), 0.0247318 secs]
0.239: [GC (Allocation Failure)  270640K->174521K(506816K), 0.0228947 secs]
0.275: [GC (Allocation Failure)  314297K->219517K(506816K), 0.0227050 secs]
0.298: [GC (CMS Initial Mark)  222771K(506816K), 0.0002684 secs]
0.312: [GC (Allocation Failure)  359293K->265309K(506816K), 0.0240769 secs]
0.349: [GC (Allocation Failure)  405085K->305646K(506816K), 0.0207553 secs]
0.382: [GC (Allocation Failure)  445261K->348156K(506816K), 0.0222766 secs]
0.405: [GC (CMS Final Remark)  353991K(506816K), 0.0010382 secs]
0.417: [GC (Allocation Failure)  445447K->347691K(506816K), 0.0089322 secs]
0.427: [GC (CMS Initial Mark)  351129K(506816K), 0.0003230 secs]
0.428: [GC (CMS Final Remark)  360387K(506816K), 0.0010075 secs]
0.441: [GC (Allocation Failure)  401248K->307726K(506816K), 0.0081645 secs]
0.449: [GC (CMS Initial Mark)  310626K(506816K), 0.0002520 secs]
0.463: [GC (Allocation Failure)  447502K->351520K(506816K), 0.0093618 secs]
0.472: [GC (CMS Final Remark)  354929K(506816K), 0.0009116 secs]
0.488: [GC (Allocation Failure)  458948K->359445K(506816K), 0.0101445 secs]
0.498: [GC (CMS Initial Mark)  362664K(506816K), 0.0003440 secs]
0.499: [GC (CMS Final Remark)  372895K(506816K), 0.0009330 secs]
0.513: [GC (Allocation Failure)  429505K->330708K(506816K), 0.0072817 secs]
0.521: [GC (CMS Initial Mark)  330996K(506816K), 0.0002029 secs]
0.536: [Full GC (Allocation Failure)  470335K->312504K(506816K), 0.0445409 secs]
0.598: [GC (Allocation Failure)  452280K->359961K(506816K), 0.0072532 secs]
0.606: [GC (CMS Initial Mark)  360644K(506816K), 0.0002281 secs]
0.607: [GC (CMS Final Remark)  370151K(506816K), 0.0009110 secs]
0.624: [GC (Allocation Failure)  457855K->505035K(506816K), 0.0116409 secs]
0.636: [Full GC (Allocation Failure)  505035K->334011K(506816K), 0.0482986 secs]
0.685: [GC (CMS Initial Mark)  334155K(506816K), 0.0002679 secs]
0.703: [Full GC (Allocation Failure)  473675K->343038K(506816K), 0.0452748 secs]
0.766: [Full GC (Allocation Failure)  482813K->353890K(506816K), 0.0476405 secs]
0.814: [GC (CMS Initial Mark)  356844K(506816K), 0.0003455 secs]
0.817: [GC (CMS Final Remark)  370398K(506816K), 0.0011844 secs]
0.837: [Full GC (Allocation Failure)  504683K->360507K(506816K), 0.0489278 secs]
0.886: [GC (CMS Initial Mark)  363520K(506816K), 0.0002907 secs]
0.888: [GC (CMS Final Remark)  376432K(506816K), 0.0010974 secs]
0.907: [Full GC (Allocation Failure)  505625K->364023K(506816K), 0.0485930 secs]
0.956: [GC (CMS Initial Mark)  364747K(506816K), 0.0003397 secs]
0.958: [GC (CMS Final Remark)  380104K(506816K), 0.0010889 secs]
0.976: [Full GC (Allocation Failure)  505076K->361455K(506816K), 0.0494810 secs]
1.026: [GC (CMS Initial Mark)  361743K(506816K), 0.0003333 secs]
1.029: [GC (CMS Final Remark)  373456K(506816K), 0.0009900 secs]
1.048: [Full GC (Allocation Failure)  506701K->364721K(506816K), 0.0491407 secs]
1.098: [GC (CMS Initial Mark)  365411K(506816K), 0.0003045 secs]
