Java HotSpot(TM) 64-Bit Server VM (25.271-b09) for bsd-amd64 JRE (1.8.0_271-b09), built on Sep 16 2020 16:54:38 by "java_re" with gcc 4.2.1 Compatible Apple LLVM 10.0.0 (clang-1000.11.45.5)
Memory: 4k page, physical 16777216k(1297452k free)

/proc/meminfo:

CommandLine flags: -XX:InitialHeapSize=536870912 -XX:MaxHeapSize=536870912 -XX:+PrintGC -XX:+PrintGCTimeStamps -XX:+UseCompressedClassPointers -XX:+UseCompressedOops -XX:+UseG1GC 
0.084: [GC pause (G1 Evacuation Pause) (young) 32M->10M(512M), 0.0037060 secs]
0.093: [GC pause (G1 Evacuation Pause) (young) 41M->20M(512M), 0.0049369 secs]
0.121: [GC pause (G1 Evacuation Pause) (young) 93M->49M(512M), 0.0089300 secs]
0.142: [GC pause (G1 Evacuation Pause) (young) 118M->76M(512M), 0.0086607 secs]
0.174: [GC pause (G1 Evacuation Pause) (young) 171M->103M(512M), 0.0103019 secs]
0.217: [GC pause (G1 Evacuation Pause) (young) 242M->149M(512M), 0.0187296 secs]
0.255: [GC pause (G1 Evacuation Pause) (young) 296M->192M(512M), 0.0202945 secs]
0.284: [GC pause (G1 Humongous Allocation) (young) (initial-mark) 280M->217M(512M), 0.0074754 secs]
0.292: [GC concurrent-root-region-scan-start]
0.292: [GC concurrent-root-region-scan-end, 0.0000969 secs]
0.292: [GC concurrent-mark-start]
0.293: [GC concurrent-mark-end, 0.0011814 secs]
0.293: [GC remark, 0.0010773 secs]
0.294: [GC cleanup 227M->227M(512M), 0.0006602 secs]
0.334: [GC pause (G1 Evacuation Pause) (young)-- 409M->329M(512M), 0.0227633 secs]
0.357: [GC pause (G1 Evacuation Pause) (mixed) 336M->319M(512M), 0.0047484 secs]
0.362: [GC pause (G1 Humongous Allocation) (young) (initial-mark) 320M->318M(512M), 0.0013656 secs]
0.364: [GC concurrent-root-region-scan-start]
0.364: [GC concurrent-root-region-scan-end, 0.0000933 secs]
0.364: [GC concurrent-mark-start]
0.364: [GC concurrent-mark-end, 0.0007134 secs]
0.365: [GC remark, 0.0009181 secs]
0.366: [GC cleanup 325M->324M(512M), 0.0007011 secs]
0.366: [GC concurrent-cleanup-start]
0.366: [GC concurrent-cleanup-end, 0.0000038 secs]
0.377: [GC pause (G1 Evacuation Pause) (young) 423M->350M(512M), 0.0039211 secs]
0.383: [GC pause (G1 Evacuation Pause) (mixed) 368M->310M(512M), 0.0037115 secs]
0.390: [GC pause (G1 Evacuation Pause) (mixed) 338M->289M(512M), 0.0042595 secs]
0.397: [GC pause (G1 Evacuation Pause) (mixed) 317M->294M(512M), 0.0024969 secs]
0.400: [GC pause (G1 Humongous Allocation) (young) (initial-mark) 298M->294M(512M), 0.0017058 secs]
0.402: [GC concurrent-root-region-scan-start]
0.402: [GC concurrent-root-region-scan-end, 0.0000789 secs]
0.402: [GC concurrent-mark-start]
0.403: [GC concurrent-mark-end, 0.0008143 secs]
0.403: [GC remark, 0.0012041 secs]
0.404: [GC cleanup 302M->302M(512M), 0.0007625 secs]
0.417: [GC pause (G1 Evacuation Pause) (young) 404M->321M(512M), 0.0036328 secs]
0.423: [GC pause (G1 Evacuation Pause) (mixed) 336M->298M(512M), 0.0046740 secs]
0.431: [GC pause (G1 Evacuation Pause) (mixed) 329M->307M(512M), 0.0025062 secs]
0.435: [GC pause (G1 Humongous Allocation) (young) (initial-mark) 317M->310M(512M), 0.0017468 secs]
0.437: [GC concurrent-root-region-scan-start]
0.437: [GC concurrent-root-region-scan-end, 0.0001030 secs]
0.437: [GC concurrent-mark-start]
0.438: [GC concurrent-mark-end, 0.0008240 secs]
0.438: [GC remark, 0.0012552 secs]
0.439: [GC cleanup 318M->318M(512M), 0.0007921 secs]
0.451: [GC pause (G1 Evacuation Pause) (young) 415M->343M(512M), 0.0039231 secs]
0.458: [GC pause (G1 Evacuation Pause) (mixed) 364M->325M(512M), 0.0046623 secs]
0.463: [GC pause (G1 Humongous Allocation) (young) (initial-mark) 326M->324M(512M), 0.0013561 secs]
0.464: [GC concurrent-root-region-scan-start]
0.464: [GC concurrent-root-region-scan-end, 0.0000689 secs]
0.464: [GC concurrent-mark-start]
0.465: [GC concurrent-mark-end, 0.0009018 secs]
0.465: [GC remark, 0.0013132 secs]
0.467: [GC cleanup 334M->334M(512M), 0.0008998 secs]
0.476: [GC pause (G1 Evacuation Pause) (young) 399M->347M(512M), 0.0036330 secs]
0.483: [GC pause (G1 Evacuation Pause) (mixed) 369M->333M(512M), 0.0046736 secs]
0.488: [GC pause (G1 Humongous Allocation) (young) (initial-mark) 336M->333M(512M), 0.0017613 secs]
0.490: [GC concurrent-root-region-scan-start]
0.490: [GC concurrent-root-region-scan-end, 0.0000945 secs]
0.490: [GC concurrent-mark-start]
0.491: [GC concurrent-mark-end, 0.0009094 secs]
0.491: [GC remark, 0.0014694 secs]
0.493: [GC cleanup 341M->340M(512M), 0.0007738 secs]
0.493: [GC concurrent-cleanup-start]
0.493: [GC concurrent-cleanup-end, 0.0000064 secs]
0.502: [GC pause (G1 Evacuation Pause) (young) 405M->354M(512M), 0.0037109 secs]
0.509: [GC pause (G1 Evacuation Pause) (mixed) 375M->343M(512M), 0.0045825 secs]
0.516: [GC pause (G1 Humongous Allocation) (young) (initial-mark) 357M->345M(512M), 0.0021521 secs]
0.518: [GC concurrent-root-region-scan-start]
0.518: [GC concurrent-root-region-scan-end, 0.0000881 secs]
0.518: [GC concurrent-mark-start]
0.519: [GC concurrent-mark-end, 0.0009419 secs]
0.519: [GC remark, 0.0012841 secs]
0.520: [GC cleanup 352M->352M(512M), 0.0007266 secs]
0.526: [GC pause (G1 Evacuation Pause) (young) 397M->360M(512M), 0.0029399 secs]
0.533: [GC pause (G1 Evacuation Pause) (mixed) 385M->343M(512M), 0.0048888 secs]
0.538: [GC pause (G1 Humongous Allocation) (young) (initial-mark) 346M->343M(512M), 0.0017699 secs]
0.540: [GC concurrent-root-region-scan-start]
0.540: [GC concurrent-root-region-scan-end, 0.0001012 secs]
0.540: [GC concurrent-mark-start]
0.541: [GC concurrent-mark-end, 0.0009389 secs]
0.541: [GC remark, 0.0013878 secs]
0.542: [GC cleanup 355M->355M(512M), 0.0008208 secs]
0.549: [GC pause (G1 Evacuation Pause) (young) 399M->357M(512M), 0.0032471 secs]
0.556: [GC pause (G1 Evacuation Pause) (mixed) 378M->346M(512M), 0.0038197 secs]
0.560: [GC pause (G1 Humongous Allocation) (young) (initial-mark) 346M->346M(512M), 0.0015267 secs]
0.561: [GC concurrent-root-region-scan-start]
0.561: [GC concurrent-root-region-scan-end, 0.0000423 secs]
0.561: [GC concurrent-mark-start]
0.562: [GC concurrent-mark-end, 0.0009118 secs]
0.562: [GC remark, 0.0011722 secs]
0.564: [GC cleanup 353M->353M(512M), 0.0007529 secs]
0.570: [GC pause (G1 Evacuation Pause) (young) 398M->360M(512M), 0.0029300 secs]
0.576: [GC pause (G1 Evacuation Pause) (mixed) 387M->351M(512M), 0.0051044 secs]
0.582: [GC pause (G1 Humongous Allocation) (young) (initial-mark) 352M->351M(512M), 0.0017180 secs]
0.583: [GC concurrent-root-region-scan-start]
0.583: [GC concurrent-root-region-scan-end, 0.0000643 secs]
0.584: [GC concurrent-mark-start]
0.584: [GC concurrent-mark-end, 0.0009453 secs]
0.585: [GC remark, 0.0013558 secs]
0.586: [GC cleanup 359M->359M(512M), 0.0008704 secs]
0.593: [GC pause (G1 Evacuation Pause) (young) 404M->371M(512M), 0.0034324 secs]
0.599: [GC pause (G1 Evacuation Pause) (mixed) 396M->364M(512M), 0.0049258 secs]
0.604: [GC pause (G1 Humongous Allocation) (young) (initial-mark) 364M->363M(512M), 0.0015872 secs]
0.606: [GC concurrent-root-region-scan-start]
0.606: [GC concurrent-root-region-scan-end, 0.0000045 secs]
0.606: [GC concurrent-mark-start]
0.607: [GC concurrent-mark-end, 0.0008656 secs]
0.607: [GC remark, 0.0013163 secs]
0.608: [GC cleanup 370M->370M(512M), 0.0007763 secs]
0.612: [GC pause (G1 Evacuation Pause) (young) 399M->370M(512M), 0.0026763 secs]
0.618: [GC pause (G1 Evacuation Pause) (mixed) 396M->357M(512M), 0.0046095 secs]
0.623: [GC pause (G1 Humongous Allocation) (young) (initial-mark) 358M->356M(512M), 0.0018790 secs]
0.625: [GC concurrent-root-region-scan-start]
0.625: [GC concurrent-root-region-scan-end, 0.0000042 secs]
0.625: [GC concurrent-mark-start]
0.626: [GC concurrent-mark-end, 0.0009864 secs]
0.626: [GC remark, 0.0013799 secs]
0.628: [GC cleanup 366M->366M(512M), 0.0008237 secs]
0.634: [GC pause (G1 Evacuation Pause) (young) 397M->367M(512M), 0.0027168 secs]
0.640: [GC pause (G1 Evacuation Pause) (mixed) 391M->357M(512M), 0.0040884 secs]
0.644: [GC pause (G1 Humongous Allocation) (young) (initial-mark) 359M->357M(512M), 0.0016527 secs]
0.646: [GC concurrent-root-region-scan-start]
0.646: [GC concurrent-root-region-scan-end, 0.0000699 secs]
0.646: [GC concurrent-mark-start]
0.647: [GC concurrent-mark-end, 0.0008287 secs]
0.647: [GC remark, 0.0013723 secs]
0.649: [GC cleanup 363M->363M(512M), 0.0008242 secs]
0.654: [GC pause (G1 Evacuation Pause) (young) 399M->369M(512M), 0.0028182 secs]
0.660: [GC pause (G1 Evacuation Pause) (mixed) 396M->361M(512M), 0.0046866 secs]
0.665: [GC pause (G1 Humongous Allocation) (young) (initial-mark) 362M->361M(512M), 0.0017571 secs]
0.667: [GC concurrent-root-region-scan-start]
0.667: [GC concurrent-root-region-scan-end, 0.0000802 secs]
0.667: [GC concurrent-mark-start]
0.668: [GC concurrent-mark-end, 0.0008576 secs]
0.668: [GC remark, 0.0013075 secs]
0.669: [GC cleanup 371M->371M(512M), 0.0007453 secs]
0.674: [GC pause (G1 Evacuation Pause) (young) 399M->369M(512M), 0.0026837 secs]
0.679: [GC pause (G1 Evacuation Pause) (mixed) 394M->360M(512M), 0.0043620 secs]
0.684: [GC pause (G1 Humongous Allocation) (young) (initial-mark) 360M->359M(512M), 0.0019025 secs]
0.686: [GC concurrent-root-region-scan-start]
0.686: [GC concurrent-root-region-scan-end, 0.0000024 secs]
0.686: [GC concurrent-mark-start]
0.687: [GC concurrent-mark-end, 0.0008742 secs]
0.687: [GC remark, 0.0013949 secs]
0.688: [GC cleanup 367M->367M(512M), 0.0007855 secs]
0.692: [GC pause (G1 Evacuation Pause) (young) 397M->370M(512M), 0.0026019 secs]
0.698: [GC pause (G1 Evacuation Pause) (mixed) 395M->364M(512M), 0.0043781 secs]
0.703: [GC pause (G1 Humongous Allocation) (young) (initial-mark) 367M->364M(512M), 0.0018095 secs]
0.705: [GC concurrent-root-region-scan-start]
0.705: [GC concurrent-root-region-scan-end, 0.0000709 secs]
0.705: [GC concurrent-mark-start]
0.706: [GC concurrent-mark-end, 0.0007972 secs]
0.706: [GC remark, 0.0014013 secs]
0.707: [GC cleanup 371M->371M(512M), 0.0007833 secs]
0.712: [GC pause (G1 Evacuation Pause) (young) 397M->375M(512M), 0.0023213 secs]
0.718: [GC pause (G1 Evacuation Pause) (mixed) 402M->368M(512M), 0.0042456 secs]
0.722: [GC pause (G1 Humongous Allocation) (young) (initial-mark) 371M->370M(512M), 0.0019661 secs]
0.724: [GC concurrent-root-region-scan-start]
0.724: [GC concurrent-root-region-scan-end, 0.0000768 secs]
0.724: [GC concurrent-mark-start]
0.725: [GC concurrent-mark-end, 0.0008475 secs]
0.725: [GC remark, 0.0012389 secs]
0.727: [GC cleanup 378M->378M(512M), 0.0008506 secs]
0.730: [GC pause (G1 Evacuation Pause) (young) 400M->376M(512M), 0.0027115 secs]
0.736: [GC pause (G1 Evacuation Pause) (mixed) 404M->367M(512M), 0.0045654 secs]
0.741: [GC pause (G1 Humongous Allocation) (young) (initial-mark) 370M->366M(512M), 0.0017129 secs]
0.743: [GC concurrent-root-region-scan-start]
0.743: [GC concurrent-root-region-scan-end, 0.0000703 secs]
0.743: [GC concurrent-mark-start]
0.744: [GC concurrent-mark-end, 0.0008305 secs]
0.744: [GC remark, 0.0013426 secs]
0.745: [GC cleanup 376M->376M(512M), 0.0008079 secs]
0.749: [GC pause (G1 Evacuation Pause) (young) 401M->377M(512M), 0.0025920 secs]
0.755: [GC pause (G1 Evacuation Pause) (mixed) 402M->376M(512M), 0.0040773 secs]
0.760: [GC pause (G1 Humongous Allocation) (young) (initial-mark) 377M->376M(512M), 0.0017112 secs]
0.762: [GC concurrent-root-region-scan-start]
0.762: [GC concurrent-root-region-scan-end, 0.0000754 secs]
0.762: [GC concurrent-mark-start]
0.763: [GC concurrent-mark-end, 0.0007529 secs]
0.763: [GC remark, 0.0012919 secs]
0.764: [GC cleanup 382M->382M(512M), 0.0007883 secs]
0.768: [GC pause (G1 Evacuation Pause) (young) 405M->386M(512M), 0.0022795 secs]
0.774: [GC pause (G1 Evacuation Pause) (mixed)-- 411M->394M(512M), 0.0049354 secs]
0.780: [GC pause (G1 Humongous Allocation) (young) (initial-mark) 397M->394M(512M), 0.0017361 secs]
0.781: [GC concurrent-root-region-scan-start]
0.782: [GC concurrent-root-region-scan-end, 0.0000743 secs]
0.782: [GC concurrent-mark-start]
0.782: [GC concurrent-mark-end, 0.0007456 secs]
0.782: [GC remark, 0.0014048 secs]
0.784: [GC cleanup 400M->400M(512M), 0.0008618 secs]
0.787: [GC pause (G1 Evacuation Pause) (young) 423M->405M(512M), 0.0023634 secs]
0.793: [GC pause (G1 Evacuation Pause) (mixed)-- 430M->420M(512M), 0.0033242 secs]
0.800: [GC pause (G1 Evacuation Pause) (mixed)-- 446M->437M(512M), 0.0020792 secs]
0.802: [GC pause (G1 Humongous Allocation) (young) (initial-mark) 438M->437M(512M), 0.0012361 secs]
0.804: [GC concurrent-root-region-scan-start]
0.804: [GC concurrent-root-region-scan-end, 0.0000550 secs]
0.804: [GC concurrent-mark-start]
0.804: [GC concurrent-mark-end, 0.0006872 secs]
0.804: [GC remark, 0.0013422 secs]
0.806: [GC cleanup 444M->443M(512M), 0.0007746 secs]
0.807: [GC concurrent-cleanup-start]
0.807: [GC concurrent-cleanup-end, 0.0000046 secs]
0.808: [GC pause (G1 Humongous Allocation) (young)-- 448M->444M(512M), 0.0011909 secs]
0.810: [GC pause (G1 Evacuation Pause) (mixed)-- 449M->447M(512M), 0.0011397 secs]
0.811: [GC pause (G1 Evacuation Pause) (mixed)-- 450M->450M(512M), 0.0011422 secs]
0.813: [Full GC (Allocation Failure)  450M->333M(512M), 0.0332862 secs]
0.846: [GC pause (G1 Humongous Allocation) (young) (initial-mark) 334M->333M(512M), 0.0015219 secs]
0.848: [GC concurrent-root-region-scan-start]
0.848: [GC concurrent-root-region-scan-end, 0.0000696 secs]
0.848: [GC concurrent-mark-start]
0.848: [GC concurrent-mark-end, 0.0006186 secs]
0.848: [GC remark, 0.0015410 secs]
0.850: [GC cleanup 338M->338M(512M), 0.0009004 secs]
0.855: [GC pause (G1 Evacuation Pause) (young) 365M->339M(512M), 0.0022867 secs]
0.858: [GC pause (G1 Humongous Allocation) (young) (initial-mark) 343M->341M(512M), 0.0016832 secs]
0.860: [GC concurrent-root-region-scan-start]
0.860: [GC concurrent-root-region-scan-end, 0.0000727 secs]
0.860: [GC concurrent-mark-start]
0.860: [GC concurrent-mark-end, 0.0006344 secs]
0.860: [GC remark, 0.0013379 secs]
0.862: [GC cleanup 347M->347M(512M), 0.0008339 secs]
0.866: [GC pause (G1 Evacuation Pause) (young) 371M->348M(512M), 0.0023743 secs]
0.871: [GC pause (G1 Evacuation Pause) (mixed) 374M->348M(512M), 0.0025049 secs]
0.874: [GC pause (G1 Humongous Allocation) (young) (initial-mark) 351M->349M(512M), 0.0014775 secs]
0.876: [GC concurrent-root-region-scan-start]
0.876: [GC concurrent-root-region-scan-end, 0.0000796 secs]
0.876: [GC concurrent-mark-start]
0.876: [GC concurrent-mark-end, 0.0006408 secs]
0.877: [GC remark, 0.0012650 secs]
0.878: [GC cleanup 355M->355M(512M), 0.0007657 secs]
0.881: [GC pause (G1 Evacuation Pause) (young) 378M->356M(512M), 0.0020602 secs]
0.886: [GC pause (G1 Evacuation Pause) (mixed) 382M->355M(512M), 0.0037254 secs]
0.890: [GC pause (G1 Humongous Allocation) (young) (initial-mark) 358M->356M(512M), 0.0016631 secs]
0.892: [GC concurrent-root-region-scan-start]
0.892: [GC concurrent-root-region-scan-end, 0.0000699 secs]
0.892: [GC concurrent-mark-start]
0.893: [GC concurrent-mark-end, 0.0006429 secs]
0.893: [GC remark, 0.0014615 secs]
0.894: [GC cleanup 364M->364M(512M), 0.0008136 secs]
0.899: [GC pause (G1 Evacuation Pause) (young) 390M->365M(512M), 0.0025813 secs]
0.905: [GC pause (G1 Evacuation Pause) (mixed) 391M->360M(512M), 0.0039662 secs]
0.911: [GC pause (G1 Humongous Allocation) (young) (initial-mark) 371M->361M(512M), 0.0019851 secs]
0.913: [GC concurrent-root-region-scan-start]
0.914: [GC concurrent-root-region-scan-end, 0.0000903 secs]
0.914: [GC concurrent-mark-start]
0.914: [GC concurrent-mark-end, 0.0006672 secs]
0.914: [GC remark, 0.0015625 secs]
0.916: [GC cleanup 370M->370M(512M), 0.0007429 secs]
0.919: [GC pause (G1 Evacuation Pause) (young) 388M->370M(512M), 0.0024757 secs]
0.925: [GC pause (G1 Evacuation Pause) (mixed) 396M->366M(512M), 0.0043805 secs]
0.930: [GC pause (G1 Humongous Allocation) (young) (initial-mark) 368M->366M(512M), 0.0018616 secs]
0.932: [GC concurrent-root-region-scan-start]
0.932: [GC concurrent-root-region-scan-end, 0.0000387 secs]
0.932: [GC concurrent-mark-start]
0.933: [GC concurrent-mark-end, 0.0006801 secs]
0.933: [GC remark, 0.0013424 secs]
0.934: [GC cleanup 370M->370M(512M), 0.0008528 secs]
0.938: [GC pause (G1 Evacuation Pause) (young) 395M->372M(512M), 0.0021230 secs]
0.944: [GC pause (G1 Evacuation Pause) (mixed) 397M->369M(512M), 0.0048948 secs]
0.949: [GC pause (G1 Humongous Allocation) (young) (initial-mark) 369M->368M(512M), 0.0016717 secs]
0.951: [GC concurrent-root-region-scan-start]
0.951: [GC concurrent-root-region-scan-end, 0.0000044 secs]
0.951: [GC concurrent-mark-start]
0.951: [GC concurrent-mark-end, 0.0007120 secs]
0.952: [GC remark, 0.0013075 secs]
0.953: [GC cleanup 374M->374M(512M), 0.0007455 secs]
0.957: [GC pause (G1 Evacuation Pause) (young) 400M->377M(512M), 0.0021510 secs]
0.962: [GC pause (G1 Evacuation Pause) (mixed) 401M->370M(512M), 0.0043187 secs]
0.967: [GC pause (G1 Humongous Allocation) (young) (initial-mark) 376M->370M(512M), 0.0014788 secs]
0.969: [GC concurrent-root-region-scan-start]
0.969: [GC concurrent-root-region-scan-end, 0.0000825 secs]
0.969: [GC concurrent-mark-start]
0.970: [GC concurrent-mark-end, 0.0006509 secs]
0.970: [GC remark, 0.0013741 secs]
0.971: [GC cleanup 376M->376M(512M), 0.0008515 secs]
0.975: [GC pause (G1 Evacuation Pause) (young) 396M->377M(512M), 0.0018928 secs]
0.980: [GC pause (G1 Evacuation Pause) (mixed) 402M->375M(512M), 0.0041921 secs]
0.985: [GC pause (G1 Humongous Allocation) (young) (initial-mark) 376M->375M(512M), 0.0017437 secs]
0.987: [GC concurrent-root-region-scan-start]
0.987: [GC concurrent-root-region-scan-end, 0.0000758 secs]
0.987: [GC concurrent-mark-start]
0.988: [GC concurrent-mark-end, 0.0006575 secs]
0.988: [GC remark, 0.0012946 secs]
0.989: [GC cleanup 382M->382M(512M), 0.0007604 secs]
0.993: [GC pause (G1 Evacuation Pause) (young) 404M->382M(512M), 0.0021642 secs]
0.999: [GC pause (G1 Evacuation Pause) (mixed) 405M->378M(512M), 0.0046749 secs]
1.005: [GC pause (G1 Humongous Allocation) (young) (initial-mark) 381M->379M(512M), 0.0017732 secs]
1.006: [GC concurrent-root-region-scan-start]
1.007: [GC concurrent-root-region-scan-end, 0.0000794 secs]
1.007: [GC concurrent-mark-start]
1.007: [GC concurrent-mark-end, 0.0006662 secs]
1.007: [GC remark, 0.0014864 secs]
1.009: [GC cleanup 385M->385M(512M), 0.0008225 secs]
1.013: [GC pause (G1 Evacuation Pause) (young) 408M->386M(512M), 0.0020353 secs]
1.019: [GC pause (G1 Evacuation Pause) (mixed)-- 412M->382M(512M), 0.0044070 secs]
1.023: [GC pause (G1 Humongous Allocation) (young) (initial-mark) 384M->384M(512M), 0.0016957 secs]
1.025: [GC concurrent-root-region-scan-start]
1.025: [GC concurrent-root-region-scan-end, 0.0000409 secs]
1.025: [GC concurrent-mark-start]
1.026: [GC concurrent-mark-end, 0.0007123 secs]
1.026: [GC remark, 0.0014180 secs]
1.027: [GC cleanup 390M->390M(512M), 0.0008541 secs]
1.031: [GC pause (G1 Evacuation Pause) (young) 415M->396M(512M), 0.0023234 secs]
1.037: [GC pause (G1 Evacuation Pause) (mixed)-- 424M->422M(512M), 0.0039473 secs]
1.042: [GC pause (G1 Humongous Allocation) (young) (initial-mark) 426M->424M(512M), 0.0019239 secs]
1.044: [GC concurrent-root-region-scan-start]
1.044: [GC concurrent-root-region-scan-end, 0.0000723 secs]
1.044: [GC concurrent-mark-start]
1.044: [GC concurrent-mark-end, 0.0006508 secs]
1.044: [GC remark, 0.0013678 secs]
1.046: [GC cleanup 431M->431M(512M), 0.0007890 secs]
1.048: [GC pause (G1 Humongous Allocation) (young)-- 445M->441M(512M), 0.0012277 secs]
1.050: [GC pause (G1 Evacuation Pause) (mixed)-- 447M->446M(512M), 0.0011230 secs]
1.052: [GC pause (G1 Evacuation Pause) (mixed)-- 447M->447M(512M), 0.0012081 secs]
1.053: [Full GC (Allocation Failure)  447M->343M(512M), 0.0356057 secs]
