Java HotSpot(TM) 64-Bit Server VM (25.271-b09) for bsd-amd64 JRE (1.8.0_271-b09), built on Sep 16 2020 16:54:38 by "java_re" with gcc 4.2.1 Compatible Apple LLVM 10.0.0 (clang-1000.11.45.5)
Memory: 4k page, physical 16777216k(1053276k free)

/proc/meminfo:

CommandLine flags: -XX:InitialHeapSize=536870912 -XX:MaxHeapSize=536870912 -XX:+PrintGC -XX:+PrintGCTimeStamps -XX:+UseCompressedClassPointers -XX:+UseCompressedOops -XX:+UseParallelGC 
0.128: [GC (Allocation Failure)  131584K->49960K(502784K), 0.0191140 secs]
0.165: [GC (Allocation Failure)  181544K->89317K(502784K), 0.0245846 secs]
0.205: [GC (Allocation Failure)  220593K->131853K(502784K), 0.0198529 secs]
0.240: [GC (Allocation Failure)  263437K->173513K(502784K), 0.0191983 secs]
0.275: [GC (Allocation Failure)  305097K->216033K(502784K), 0.0199796 secs]
0.311: [GC (Allocation Failure)  347617K->254020K(430080K), 0.0188285 secs]
0.337: [GC (Allocation Failure)  312652K->273066K(466432K), 0.0052318 secs]
0.350: [GC (Allocation Failure)  331862K->292052K(466432K), 0.0070467 secs]
0.365: [GC (Allocation Failure)  350419K->309821K(466432K), 0.0090570 secs]
0.382: [GC (Allocation Failure)  368701K->333082K(466432K), 0.0180907 secs]
0.407: [GC (Allocation Failure)  391962K->353078K(466432K), 0.0173762 secs]
0.425: [Full GC (Ergonomics)  353078K->244149K(466432K), 0.0290202 secs]
0.464: [GC (Allocation Failure)  302943K->263945K(466432K), 0.0024823 secs]
0.475: [GC (Allocation Failure)  322507K->288086K(466432K), 0.0047985 secs]
0.489: [GC (Allocation Failure)  346966K->307414K(466432K), 0.0047714 secs]
0.504: [GC (Allocation Failure)  366294K->326856K(466432K), 0.0044842 secs]
0.509: [Full GC (Ergonomics)  326856K->275252K(466432K), 0.0295519 secs]
0.550: [GC (Allocation Failure)  334132K->297973K(466432K), 0.0028053 secs]
0.562: [GC (Allocation Failure)  356853K->314898K(466432K), 0.0043308 secs]
0.575: [GC (Allocation Failure)  373778K->333208K(466432K), 0.0045257 secs]
0.580: [Full GC (Ergonomics)  333208K->291495K(466432K), 0.0311535 secs]
0.621: [GC (Allocation Failure)  350149K->312076K(466432K), 0.0026225 secs]
0.634: [GC (Allocation Failure)  370956K->327017K(466432K), 0.0040767 secs]
0.638: [Full GC (Ergonomics)  327017K->294789K(466432K), 0.0311277 secs]
0.682: [GC (Allocation Failure)  353669K->313497K(466432K), 0.0023896 secs]
0.695: [GC (Allocation Failure)  372377K->331238K(466432K), 0.0040972 secs]
0.709: [GC (Allocation Failure)  390118K->350555K(466432K), 0.0043259 secs]
0.713: [Full GC (Ergonomics)  350555K->295478K(466432K), 0.0306352 secs]
0.756: [GC (Allocation Failure)  354358K->313714K(466432K), 0.0024780 secs]
0.768: [GC (Allocation Failure)  372594K->335404K(466432K), 0.0046804 secs]
0.782: [GC (Allocation Failure)  394058K->355537K(466432K), 0.0060511 secs]
0.788: [Full GC (Ergonomics)  355537K->302424K(466432K), 0.0316883 secs]
0.830: [GC (Allocation Failure)  360999K->325917K(466432K), 0.0029343 secs]
0.844: [GC (Allocation Failure)  384679K->341061K(467456K), 0.0043679 secs]
0.848: [Full GC (Ergonomics)  341061K->305352K(467456K), 0.0317319 secs]
0.892: [GC (Allocation Failure)  365256K->326888K(466432K), 0.0026075 secs]
0.905: [GC (Allocation Failure)  386792K->347410K(462848K), 0.0045651 secs]
0.918: [GC (Allocation Failure)  406290K->367472K(466432K), 0.0065366 secs]
0.935: [GC (Allocation Failure)  426352K->385793K(466432K), 0.0078213 secs]
0.943: [Full GC (Ergonomics)  385793K->317717K(466432K), 0.0351257 secs]
0.989: [GC (Allocation Failure)  376597K->336543K(466432K), 0.0024539 secs]
1.002: [GC (Allocation Failure)  395423K->355348K(466432K), 0.0051124 secs]
1.007: [Full GC (Ergonomics)  355348K->319608K(466432K), 0.0322826 secs]
1.051: [GC (Allocation Failure)  378273K->338923K(466432K), 0.0024821 secs]
