Java HotSpot(TM) 64-Bit Server VM (25.271-b09) for bsd-amd64 JRE (1.8.0_271-b09), built on Sep 16 2020 16:54:38 by "java_re" with gcc 4.2.1 Compatible Apple LLVM 10.0.0 (clang-1000.11.45.5)
Memory: 4k page, physical 16777216k(1296972k free)

/proc/meminfo:

CommandLine flags: -XX:InitialHeapSize=536870912 -XX:MaxHeapSize=536870912 -XX:+PrintGC -XX:+PrintGCTimeStamps -XX:+UseCompressedClassPointers -XX:+UseCompressedOops -XX:+UseG1GC 
0.081: [GC pause (G1 Evacuation Pause) (young) 32M->11M(512M), 0.0043496 secs]
0.091: [GC pause (G1 Evacuation Pause) (young) 40M->20M(512M), 0.0033702 secs]
0.118: [GC pause (G1 Evacuation Pause) (young) 93M->41M(512M), 0.0090754 secs]
0.136: [GC pause (G1 Evacuation Pause) (young) 107M->61M(512M), 0.0089292 secs]
0.165: [GC pause (G1 Evacuation Pause) (young) 151M->87M(512M), 0.0111322 secs]
0.313: [GC pause (G1 Evacuation Pause) (young)-- 450M->358M(512M), 0.0097845 secs]
0.323: [GC pause (G1 Humongous Allocation) (young) (initial-mark) 358M->358M(512M), 0.0025456 secs]
0.325: [GC concurrent-root-region-scan-start]
0.325: [GC concurrent-root-region-scan-end, 0.0000284 secs]
0.325: [GC concurrent-mark-start]
0.327: [GC concurrent-mark-end, 0.0019483 secs]
0.327: [GC remark, 0.0009725 secs]
0.328: [GC cleanup 372M->372M(512M), 0.0006376 secs]
0.337: [GC pause (G1 Evacuation Pause) (young) 427M->376M(512M), 0.0035140 secs]
0.343: [GC pause (G1 Evacuation Pause) (mixed) 396M->331M(512M), 0.0027918 secs]
0.348: [GC pause (G1 Evacuation Pause) (mixed) 356M->295M(512M), 0.0033026 secs]
0.355: [GC pause (G1 Evacuation Pause) (mixed) 323M->261M(512M), 0.0031699 secs]
0.361: [GC pause (G1 Evacuation Pause) (mixed) 287M->240M(512M), 0.0039369 secs]
0.367: [GC pause (G1 Evacuation Pause) (mixed) 264M->237M(512M), 0.0027535 secs]
0.371: [GC pause (G1 Humongous Allocation) (young) (initial-mark) 241M->240M(512M), 0.0015908 secs]
0.372: [GC concurrent-root-region-scan-start]
0.372: [GC concurrent-root-region-scan-end, 0.0000651 secs]
0.372: [GC concurrent-mark-start]
0.373: [GC concurrent-mark-end, 0.0006244 secs]
0.373: [GC remark, 0.0012568 secs]
0.374: [GC cleanup 246M->245M(512M), 0.0007157 secs]
0.375: [GC concurrent-cleanup-start]
0.375: [GC concurrent-cleanup-end, 0.0000050 secs]
0.398: [GC pause (G1 Evacuation Pause) (young)-- 423M->313M(512M), 0.0051722 secs]
0.404: [GC pause (G1 Evacuation Pause) (mixed) 324M->292M(512M), 0.0050069 secs]
0.410: [GC pause (G1 Humongous Allocation) (young) (initial-mark) 292M->292M(512M), 0.0013688 secs]
0.411: [GC concurrent-root-region-scan-start]
0.411: [GC concurrent-root-region-scan-end, 0.0000617 secs]
0.411: [GC concurrent-mark-start]
0.412: [GC concurrent-mark-end, 0.0006205 secs]
0.412: [GC remark, 0.0011241 secs]
0.413: [GC cleanup 297M->296M(512M), 0.0006788 secs]
0.414: [GC concurrent-cleanup-start]
0.414: [GC concurrent-cleanup-end, 0.0000058 secs]
0.430: [GC pause (G1 Evacuation Pause) (young) 425M->328M(512M), 0.0040320 secs]
0.436: [GC pause (G1 Evacuation Pause) (mixed) 347M->292M(512M), 0.0040127 secs]
0.443: [GC pause (G1 Evacuation Pause) (mixed) 317M->283M(512M), 0.0034555 secs]
0.447: [GC pause (G1 Humongous Allocation) (young) (initial-mark) 286M->285M(512M), 0.0015891 secs]
0.449: [GC concurrent-root-region-scan-start]
0.449: [GC concurrent-root-region-scan-end, 0.0000816 secs]
0.449: [GC concurrent-mark-start]
0.450: [GC concurrent-mark-end, 0.0006134 secs]
0.450: [GC remark, 0.0013384 secs]
0.451: [GC cleanup 291M->291M(512M), 0.0007630 secs]
0.467: [GC pause (G1 Evacuation Pause) (young) 407M->324M(512M), 0.0045826 secs]
0.473: [GC pause (G1 Evacuation Pause) (mixed) 340M->308M(512M), 0.0048797 secs]
0.479: [GC pause (G1 Humongous Allocation) (young) (initial-mark) 311M->308M(512M), 0.0018376 secs]
0.481: [GC concurrent-root-region-scan-start]
0.481: [GC concurrent-root-region-scan-end, 0.0000701 secs]
0.481: [GC concurrent-mark-start]
0.482: [GC concurrent-mark-end, 0.0007217 secs]
0.482: [GC remark, 0.0014308 secs]
0.483: [GC cleanup 313M->313M(512M), 0.0008471 secs]
0.498: [GC pause (G1 Evacuation Pause) (young) 413M->338M(512M), 0.0046669 secs]
0.505: [GC pause (G1 Evacuation Pause) (mixed) 354M->318M(512M), 0.0049579 secs]
0.514: [GC pause (G1 Evacuation Pause) (mixed) 347M->327M(512M), 0.0031060 secs]
0.517: [GC pause (G1 Humongous Allocation) (young) (initial-mark) 329M->328M(512M), 0.0017032 secs]
0.519: [GC concurrent-root-region-scan-start]
0.519: [GC concurrent-root-region-scan-end, 0.0000734 secs]
0.519: [GC concurrent-mark-start]
0.520: [GC concurrent-mark-end, 0.0006713 secs]
0.520: [GC remark, 0.0012451 secs]
0.521: [GC cleanup 332M->332M(512M), 0.0007818 secs]
0.531: [GC pause (G1 Evacuation Pause) (young) 399M->353M(512M), 0.0040867 secs]
0.538: [GC pause (G1 Evacuation Pause) (mixed) 375M->332M(512M), 0.0048853 secs]
0.547: [GC pause (G1 Evacuation Pause) (mixed) 357M->336M(512M), 0.0032795 secs]
0.550: [GC pause (G1 Humongous Allocation) (young) (initial-mark) 337M->336M(512M), 0.0016482 secs]
0.552: [GC concurrent-root-region-scan-start]
0.552: [GC concurrent-root-region-scan-end, 0.0000776 secs]
0.552: [GC concurrent-mark-start]
0.553: [GC concurrent-mark-end, 0.0007424 secs]
0.553: [GC remark, 0.0011970 secs]
0.554: [GC cleanup 342M->342M(512M), 0.0008349 secs]
0.565: [GC pause (G1 Evacuation Pause) (young) 409M->356M(512M), 0.0037424 secs]
0.573: [GC pause (G1 Evacuation Pause) (mixed) 381M->337M(512M), 0.0055287 secs]
0.582: [GC pause (G1 Evacuation Pause) (mixed) 360M->344M(512M), 0.0031148 secs]
0.586: [GC pause (G1 Humongous Allocation) (young) (initial-mark) 347M->345M(512M), 0.0017422 secs]
0.587: [GC concurrent-root-region-scan-start]
0.587: [GC concurrent-root-region-scan-end, 0.0000712 secs]
0.587: [GC concurrent-mark-start]
0.588: [GC concurrent-mark-end, 0.0007599 secs]
0.588: [GC remark, 0.0013228 secs]
0.590: [GC cleanup 352M->352M(512M), 0.0007706 secs]
0.597: [GC pause (G1 Evacuation Pause) (young) 404M->360M(512M), 0.0031455 secs]
0.603: [GC pause (G1 Evacuation Pause) (mixed) 383M->345M(512M), 0.0054984 secs]
0.612: [GC pause (G1 Evacuation Pause) (mixed) 369M->349M(512M), 0.0030623 secs]
0.615: [GC pause (G1 Humongous Allocation) (young) (initial-mark) 350M->348M(512M), 0.0017285 secs]
0.617: [GC concurrent-root-region-scan-start]
0.617: [GC concurrent-root-region-scan-end, 0.0000768 secs]
0.617: [GC concurrent-mark-start]
0.618: [GC concurrent-mark-end, 0.0007694 secs]
0.618: [GC remark, 0.0011384 secs]
0.619: [GC cleanup 355M->355M(512M), 0.0007749 secs]
0.629: [GC pause (G1 Evacuation Pause) (young) 409M->365M(512M), 0.0035596 secs]
0.636: [GC pause (G1 Evacuation Pause) (mixed) 389M->351M(512M), 0.0053112 secs]
0.645: [GC pause (G1 Evacuation Pause) (mixed) 378M->356M(512M), 0.0032280 secs]
0.648: [GC pause (G1 Humongous Allocation) (young) (initial-mark) 357M->356M(512M), 0.0016196 secs]
0.650: [GC concurrent-root-region-scan-start]
0.650: [GC concurrent-root-region-scan-end, 0.0000736 secs]
0.650: [GC concurrent-mark-start]
0.651: [GC concurrent-mark-end, 0.0007905 secs]
0.651: [GC remark, 0.0013413 secs]
0.652: [GC cleanup 361M->361M(512M), 0.0008342 secs]
0.660: [GC pause (G1 Evacuation Pause) (young) 412M->374M(512M), 0.0034252 secs]
0.667: [GC pause (G1 Evacuation Pause) (mixed) 401M->362M(512M), 0.0056455 secs]
0.678: [GC pause (G1 Evacuation Pause) (mixed) 391M->368M(512M), 0.0031232 secs]
0.681: [GC pause (G1 Humongous Allocation) (young) (initial-mark) 371M->369M(512M), 0.0016133 secs]
0.683: [GC concurrent-root-region-scan-start]
0.683: [GC concurrent-root-region-scan-end, 0.0000687 secs]
0.683: [GC concurrent-mark-start]
0.684: [GC concurrent-mark-end, 0.0007644 secs]
0.684: [GC remark, 0.0014107 secs]
0.686: [GC cleanup 374M->374M(512M), 0.0007817 secs]
0.691: [GC pause (G1 Evacuation Pause) (young) 412M->382M(512M), 0.0029477 secs]
0.697: [GC pause (G1 Evacuation Pause) (mixed) 408M->368M(512M), 0.0052216 secs]
0.707: [GC pause (G1 Evacuation Pause) (mixed) 398M->370M(512M), 0.0033700 secs]
0.711: [GC pause (G1 Humongous Allocation) (young) (initial-mark) 375M->372M(512M), 0.0019646 secs]
0.713: [GC concurrent-root-region-scan-start]
0.714: [GC concurrent-root-region-scan-end, 0.0000738 secs]
0.714: [GC concurrent-mark-start]
0.714: [GC concurrent-mark-end, 0.0007852 secs]
0.714: [GC remark, 0.0014274 secs]
0.716: [GC cleanup 379M->379M(512M), 0.0008219 secs]
0.721: [GC pause (G1 Evacuation Pause) (young) 406M->381M(512M), 0.0025530 secs]
0.727: [GC pause (G1 Evacuation Pause) (mixed) 408M->369M(512M), 0.0056355 secs]
0.736: [GC pause (G1 Evacuation Pause) (mixed) 394M->373M(512M), 0.0030260 secs]
0.742: [GC pause (G1 Humongous Allocation) (young) (initial-mark) 386M->374M(512M), 0.0018358 secs]
0.744: [GC concurrent-root-region-scan-start]
0.744: [GC concurrent-root-region-scan-end, 0.0000630 secs]
0.744: [GC concurrent-mark-start]
0.745: [GC concurrent-mark-end, 0.0007335 secs]
0.745: [GC remark, 0.0016438 secs]
0.746: [GC cleanup 382M->382M(512M), 0.0007406 secs]
0.751: [GC pause (G1 Evacuation Pause) (young) 407M->381M(512M), 0.0026473 secs]
0.758: [GC pause (G1 Evacuation Pause) (mixed) 413M->370M(512M), 0.0057299 secs]
0.768: [GC pause (G1 Evacuation Pause) (mixed) 399M->375M(512M), 0.0034744 secs]
0.772: [GC pause (G1 Humongous Allocation) (young) (initial-mark) 376M->376M(512M), 0.0014818 secs]
0.773: [GC concurrent-root-region-scan-start]
0.773: [GC concurrent-root-region-scan-end, 0.0000786 secs]
0.773: [GC concurrent-mark-start]
0.774: [GC concurrent-mark-end, 0.0008166 secs]
0.774: [GC remark, 0.0014829 secs]
0.776: [GC cleanup 381M->381M(512M), 0.0007477 secs]
0.780: [GC pause (G1 Evacuation Pause) (young) 405M->382M(512M), 0.0020376 secs]
0.786: [GC pause (G1 Evacuation Pause) (mixed) 407M->366M(512M), 0.0050221 secs]
0.795: [GC pause (G1 Evacuation Pause) (mixed) 391M->373M(512M), 0.0032913 secs]
0.798: [GC pause (G1 Humongous Allocation) (young) (initial-mark) 374M->373M(512M), 0.0017254 secs]
0.800: [GC concurrent-root-region-scan-start]
0.800: [GC concurrent-root-region-scan-end, 0.0000747 secs]
0.800: [GC concurrent-mark-start]
0.801: [GC concurrent-mark-end, 0.0008217 secs]
0.801: [GC remark, 0.0013480 secs]
0.802: [GC cleanup 379M->379M(512M), 0.0008042 secs]
0.807: [GC pause (G1 Evacuation Pause) (young) 403M->378M(512M), 0.0023656 secs]
0.813: [GC pause (G1 Evacuation Pause) (mixed) 402M->369M(512M), 0.0046251 secs]
0.818: [GC pause (G1 Humongous Allocation) (young) (initial-mark) 370M->370M(512M), 0.0019502 secs]
0.820: [GC concurrent-root-region-scan-start]
0.820: [GC concurrent-root-region-scan-end, 0.0000431 secs]
0.820: [GC concurrent-mark-start]
0.821: [GC concurrent-mark-end, 0.0008092 secs]
0.821: [GC remark, 0.0015204 secs]
0.823: [GC cleanup 376M->375M(512M), 0.0008129 secs]
0.823: [GC concurrent-cleanup-start]
0.823: [GC concurrent-cleanup-end, 0.0000051 secs]
0.828: [GC pause (G1 Evacuation Pause) (young) 401M->377M(512M), 0.0021257 secs]
0.833: [GC pause (G1 Evacuation Pause) (mixed) 407M->374M(512M), 0.0045816 secs]
0.838: [GC pause (G1 Humongous Allocation) (young) (initial-mark) 375M->374M(512M), 0.0015904 secs]
0.840: [GC concurrent-root-region-scan-start]
0.840: [GC concurrent-root-region-scan-end, 0.0000845 secs]
0.840: [GC concurrent-mark-start]
0.841: [GC concurrent-mark-end, 0.0008247 secs]
0.841: [GC remark, 0.0015525 secs]
0.843: [GC cleanup 382M->382M(512M), 0.0007849 secs]
0.846: [GC pause (G1 Evacuation Pause) (young) 404M->385M(512M), 0.0022233 secs]
0.852: [GC pause (G1 Evacuation Pause) (mixed) 410M->377M(512M), 0.0048759 secs]
0.857: [GC pause (G1 Humongous Allocation) (young) (initial-mark) 378M->377M(512M), 0.0017569 secs]
0.859: [GC concurrent-root-region-scan-start]
0.859: [GC concurrent-root-region-scan-end, 0.0000413 secs]
0.859: [GC concurrent-mark-start]
0.860: [GC concurrent-mark-end, 0.0008559 secs]
0.860: [GC remark, 0.0014801 secs]
0.861: [GC cleanup 384M->384M(512M), 0.0008235 secs]
0.866: [GC pause (G1 Evacuation Pause) (young) 409M->386M(512M), 0.0022647 secs]
0.872: [GC pause (G1 Evacuation Pause) (mixed) 410M->378M(512M), 0.0047540 secs]
0.877: [GC pause (G1 Humongous Allocation) (young) (initial-mark) 379M->378M(512M), 0.0018166 secs]
0.879: [GC concurrent-root-region-scan-start]
0.879: [GC concurrent-root-region-scan-end, 0.0000402 secs]
0.879: [GC concurrent-mark-start]
0.880: [GC concurrent-mark-end, 0.0008814 secs]
0.880: [GC remark, 0.0014036 secs]
0.882: [GC cleanup 384M->384M(512M), 0.0009044 secs]
0.886: [GC pause (G1 Evacuation Pause) (young) 407M->385M(512M), 0.0020922 secs]
0.891: [GC pause (G1 Evacuation Pause) (mixed) 412M->381M(512M), 0.0045311 secs]
0.896: [GC pause (G1 Humongous Allocation) (young) (initial-mark) 381M->381M(512M), 0.0017132 secs]
0.897: [GC concurrent-root-region-scan-start]
0.897: [GC concurrent-root-region-scan-end, 0.0000413 secs]
0.897: [GC concurrent-mark-start]
0.898: [GC concurrent-mark-end, 0.0009393 secs]
0.898: [GC remark, 0.0013661 secs]
0.900: [GC cleanup 388M->388M(512M), 0.0008265 secs]
0.904: [GC pause (G1 Evacuation Pause) (young) 416M->390M(512M), 0.0027165 secs]
0.910: [GC pause (G1 Evacuation Pause) (mixed)-- 417M->405M(512M), 0.0046007 secs]
0.915: [GC pause (G1 Humongous Allocation) (young) (initial-mark) 405M->405M(512M), 0.0016290 secs]
0.917: [GC concurrent-root-region-scan-start]
0.917: [GC concurrent-root-region-scan-end, 0.0000210 secs]
0.917: [GC concurrent-mark-start]
0.918: [GC concurrent-mark-end, 0.0008777 secs]
0.918: [GC remark, 0.0013937 secs]
0.919: [GC cleanup 410M->410M(512M), 0.0008014 secs]
0.923: [GC pause (G1 Evacuation Pause) (young)-- 436M->415M(512M), 0.0024396 secs]
0.929: [GC pause (G1 Evacuation Pause) (mixed)-- 441M->434M(512M), 0.0024974 secs]
0.934: [GC pause (G1 Evacuation Pause) (mixed)-- 448M->445M(512M), 0.0017640 secs]
0.936: [GC pause (G1 Humongous Allocation) (young) (initial-mark) 446M->445M(512M), 0.0010689 secs]
0.937: [GC concurrent-root-region-scan-start]
0.937: [GC concurrent-root-region-scan-end, 0.0000364 secs]
0.937: [GC concurrent-mark-start]
0.937: [GC pause (G1 Evacuation Pause) (young)-- 448M->448M(512M), 0.0010431 secs]
0.939: [GC pause (G1 Humongous Allocation) (young)-- 448M->448M(512M), 0.0010260 secs]
0.940: [Full GC (Allocation Failure)  448M->341M(512M), 0.0344991 secs]
0.974: [GC concurrent-mark-abort]
0.974: [GC pause (G1 Humongous Allocation) (young) (initial-mark) 342M->341M(512M), 0.0018076 secs]
0.976: [GC concurrent-root-region-scan-start]
0.976: [GC concurrent-root-region-scan-end, 0.0000029 secs]
0.976: [GC concurrent-mark-start]
0.977: [GC concurrent-mark-end, 0.0008608 secs]
0.977: [GC remark, 0.0016093 secs]
0.979: [GC cleanup 349M->349M(512M), 0.0008617 secs]
0.984: [GC pause (G1 Evacuation Pause) (young) 372M->351M(512M), 0.0022861 secs]
0.986: [GC pause (G1 Humongous Allocation) (young) (initial-mark) 353M->351M(512M), 0.0013909 secs]
0.988: [GC concurrent-root-region-scan-start]
0.988: [GC concurrent-root-region-scan-end, 0.0000689 secs]
0.988: [GC concurrent-mark-start]
0.988: [GC concurrent-mark-end, 0.0007718 secs]
0.988: [GC remark, 0.0015109 secs]
0.990: [GC cleanup 356M->356M(512M), 0.0007564 secs]
0.994: [GC pause (G1 Evacuation Pause) (young) 378M->357M(512M), 0.0021990 secs]
1.000: [GC pause (G1 Evacuation Pause) (mixed) 384M->366M(512M), 0.0029257 secs]
1.003: [GC pause (G1 Humongous Allocation) (young) (initial-mark) 369M->366M(512M), 0.0016060 secs]
1.005: [GC concurrent-root-region-scan-start]
1.005: [GC concurrent-root-region-scan-end, 0.0000728 secs]
1.005: [GC concurrent-mark-start]
1.006: [GC concurrent-mark-end, 0.0007185 secs]
1.006: [GC remark, 0.0014526 secs]
1.007: [GC cleanup 375M->375M(512M), 0.0007309 secs]
1.011: [GC pause (G1 Evacuation Pause) (young) 395M->373M(512M), 0.0021537 secs]
1.017: [GC pause (G1 Evacuation Pause) (mixed)-- 402M->397M(512M), 0.0030739 secs]
1.020: [GC pause (G1 Humongous Allocation) (young) (initial-mark) 399M->399M(512M), 0.0015187 secs]
1.021: [GC concurrent-root-region-scan-start]
1.021: [GC concurrent-root-region-scan-end, 0.0000430 secs]
1.021: [GC concurrent-mark-start]
1.022: [GC concurrent-mark-end, 0.0008362 secs]
1.022: [GC remark, 0.0011733 secs]
1.024: [GC cleanup 406M->406M(512M), 0.0007798 secs]
1.026: [GC pause (G1 Humongous Allocation) (young)-- 418M->414M(512M), 0.0011882 secs]
1.028: [GC pause (G1 Evacuation Pause) (mixed)-- 420M->419M(512M), 0.0012063 secs]
1.029: [GC pause (G1 Humongous Allocation) (mixed)-- 420M->420M(512M), 0.0010942 secs]
1.031: [Full GC (Allocation Failure)  420M->343M(512M), 0.0329151 secs]
