Java HotSpot(TM) 64-Bit Server VM (25.271-b09) for bsd-amd64 JRE (1.8.0_271-b09), built on Sep 16 2020 16:54:38 by "java_re" with gcc 4.2.1 Compatible Apple LLVM 10.0.0 (clang-1000.11.45.5)
Memory: 4k page, physical 16777216k(1064552k free)

/proc/meminfo:

CommandLine flags: -XX:InitialHeapSize=536870912 -XX:MaxHeapSize=536870912 -XX:MaxNewSize=178958336 -XX:MaxTenuringThreshold=6 -XX:NewSize=178958336 -XX:OldPLABSize=16 -XX:OldSize=357912576 -XX:+PrintGC -XX:+PrintGCTimeStamps -XX:+UseCompressedClassPointers -XX:+UseCompressedOops -XX:+UseConcMarkSweepGC -XX:+UseParNewGC 
0.138: [GC (Allocation Failure)  139776K->44294K(506816K), 0.0162668 secs]
0.172: [GC (Allocation Failure)  184070K->93722K(506816K), 0.0239458 secs]
0.211: [GC (Allocation Failure)  233498K->136569K(506816K), 0.0225163 secs]
0.248: [GC (Allocation Failure)  276191K->177632K(506816K), 0.0211696 secs]
0.283: [GC (Allocation Failure)  317408K->224719K(506816K), 0.0232977 secs]
0.307: [GC (CMS Initial Mark)  228380K(506816K), 0.0001942 secs]
0.320: [GC (Allocation Failure)  364495K->271556K(506816K), 0.0239263 secs]
0.357: [GC (Allocation Failure)  411332K->321027K(506816K), 0.0255007 secs]
0.396: [Full GC (Allocation Failure)  460803K->261404K(506816K), 0.0368379 secs]
0.452: [GC (Allocation Failure)  401180K->307394K(506816K), 0.0055773 secs]
0.458: [GC (CMS Initial Mark)  310725K(506816K), 0.0002419 secs]
0.473: [GC (Allocation Failure)  447170K->349770K(506816K), 0.0172989 secs]
0.491: [GC (CMS Final Remark)  352870K(506816K), 0.0009440 secs]
0.506: [Full GC (Allocation Failure)  457603K->291777K(506816K), 0.0382641 secs]
0.545: [GC (CMS Initial Mark)  294726K(506816K), 0.0003454 secs]
0.565: [GC (Allocation Failure)  431553K->335039K(506816K), 0.0058206 secs]
0.587: [Full GC (Allocation Failure)  474762K->311090K(506816K), 0.0394247 secs]
0.645: [GC (Allocation Failure)  450866K->358072K(506816K), 0.0091519 secs]
0.654: [GC (CMS Initial Mark)  361200K(506816K), 0.0002414 secs]
0.656: [GC (CMS Final Remark)  370866K(506816K), 0.0008180 secs]
0.670: [GC (Allocation Failure)  462671K->503032K(506816K), 0.0103860 secs]
0.681: [Full GC (Allocation Failure)  503032K->327150K(506816K), 0.0429927 secs]
0.724: [GC (CMS Initial Mark)  327526K(506816K), 0.0003698 secs]
0.744: [Full GC (Allocation Failure)  466611K->332380K(506816K), 0.0449566 secs]
0.809: [Full GC (Allocation Failure)  472156K->343157K(506816K), 0.0461626 secs]
0.856: [GC (CMS Initial Mark)  346095K(506816K), 0.0003234 secs]
0.858: [GC (CMS Final Remark)  353761K(506816K), 0.0010496 secs]
0.876: [Full GC (Allocation Failure)  482502K->342083K(506816K), 0.0468514 secs]
0.923: [GC (CMS Initial Mark)  345506K(506816K), 0.0002765 secs]
0.925: [GC (CMS Final Remark)  353191K(506816K), 0.0010474 secs]
0.945: [Full GC (Allocation Failure)  480116K->356229K(506816K), 0.0495304 secs]
0.995: [GC (CMS Initial Mark)  359114K(506816K), 0.0002777 secs]
0.997: [GC (CMS Final Remark)  368396K(506816K), 0.0011464 secs]
1.020: [Full GC (Allocation Failure)  506551K->358058K(506816K), 0.0490218 secs]
1.070: [GC (CMS Initial Mark)  360896K(506816K), 0.0003044 secs]
